<html>
<body>
<pre>
<h1>µVision Build Log</h1>
<h2>Tool Versions:</h2>
IDE-Version: µVision V5.17.0.0
Copyright (C) 2015 ARM Ltd and ARM Germany GmbH. All rights reserved.
License Information: misha User, Microsoft, LIC=----
 
Tool Versions:
Toolchain:       MDK-Lite  Version: 5.17
Toolchain Path:  d:\Keil_v5\ARM\ARMCC\Bin
C Compiler:      Armcc.exe V5.06 update 1 (build 61)
Assembler:       Armasm.exe V5.06 update 1 (build 61)
Linker/Locator:  ArmLink.exe V5.06 update 1 (build 61)
Library Manager: ArmAr.exe V5.06 update 1 (build 61)
Hex Converter:   FromElf.exe V5.06 update 1 (build 61)
CPU DLL:         SARMCM3.DLL V5.17
Dialog DLL:      DARMCM1.DLL V1.12.0.0
Target DLL:      STLink\ST-LINKIII-KEIL_SWO.dll V2.0.18.0
Dialog DLL:      TARMCM1.DLL V1.9.0.0
 
<h2>Project:</h2>
J:\STM pro\Keil\AS5050_test\AS5050_test.uvprojx
Project File Date:  03/12/2019

<h2>Output:</h2>
*** Using Compiler 'V5.06 update 1 (build 61)', folder: 'd:\Keil_v5\ARM\ARMCC\Bin'
Rebuild target 'Target 1'
assembling startup_stm32f030.s...
compiling Init_I2C.c...
compiling system_stm32f0xx.c...
Libs\CMSIS\system_stm32f0xx.c(284): warning:  #177-D: function "SetSysClock" was declared but never referenced
  static void SetSysClock(void)
Libs\CMSIS\system_stm32f0xx.c: 1 warning, 0 errors
compiling EEPROM_24C16.c...
compiling 1wire.c...
Libs\Drivers\src\1wire.c(251): warning:  #167-D: argument of type "uint8_t *" is incompatible with parameter of type "char *"
                  OW_Send(
W_SEND_RESET, (uint8_t*)"\xf0", 1, 0, 0, 
W_NO_READ);
Libs\Drivers\src\1wire.c: 1 warning, 0 errors
compiling Init_SPI.c...
UserSource\Init_SPI.h(12): warning:  #1295-D: Deprecated declaration AS5050_Init - give arg types
  void AS5050_Init();
UserSource\Init_SPI.h(15): warning:  #1295-D: Deprecated declaration spiReadData - give arg types
  uint16_t spiReadData();
UserSource\Init_SPI.h(19): warning:  #1295-D: Deprecated declaration AT45DB161_Init - give arg types
  void AT45DB161_Init();
UserSource\Init_SPI.h(21): warning:  #1295-D: Deprecated declaration AT45DB161_Read_Status - give arg types
  uint8_t AT45DB161_Read_Status();
UserSource\Init_SPI.c(41): warning:  #550-D: variable "agc" was set but never used
   uint8_t agc;
UserSource\Init_SPI.c(43): warning:  #550-D: variable "alarmHi" was set but never used
   uint8_t alarmHi, alarmLo;
UserSource\Init_SPI.c(43): warning:  #550-D: variable "alarmLo" was set but never used
   uint8_t alarmHi, alarmLo;
UserSource\Init_SPI.c(307): warning:  #177-D: variable "i" was declared but never referenced
     uint32_t i; //Îáúÿâëÿåì ïåðåìåííóþ äëÿ öèêëà çàäåðæêè
UserSource\Init_SPI.c: 8 warnings, 0 errors
compiling stm32f0xx_adc.c...
compiling main.c...
UserSource\Init_SPI.h(12): warning:  #1295-D: Deprecated declaration AS5050_Init - give arg types
  void AS5050_Init();
UserSource\Init_SPI.h(15): warning:  #1295-D: Deprecated declaration spiReadData - give arg types
  uint16_t spiReadData();
UserSource\Init_SPI.h(19): warning:  #1295-D: Deprecated declaration AT45DB161_Init - give arg types
  void AT45DB161_Init();
UserSource\Init_SPI.h(21): warning:  #1295-D: Deprecated declaration AT45DB161_Read_Status - give arg types
  uint8_t AT45DB161_Read_Status();
UserSource\main.c: 4 warnings, 0 errors
compiling stm32f0xx_comp.c...
compiling stm32f0xx_dac.c...
compiling stm32f0xx_cec.c...
compiling stm32f0xx_crc.c...
compiling stm32f0xx_crs.c...
compiling stm32f0xx_can.c...
compiling stm32f0xx_dbgmcu.c...
compiling stm32f0xx_dma.c...
compiling stm32f0xx_gpio.c...
compiling stm32f0xx_misc.c...
compiling stm32f0xx_flash.c...
compiling stm32f0xx_iwdg.c...
compiling stm32f0xx_i2c.c...
compiling stm32f0xx_exti.c...
compiling stm32f0xx_pwr.c...
compiling stm32f0xx_syscfg.c...
compiling stm32f0xx_spi.c...
compiling stm32f0xx_rcc.c...
compiling stm32f0xx_usart.c...
compiling stm32f0xx_tim.c...
compiling stm32f0xx_rtc.c...
compiling stm32f0xx_wwdg.c...
compiling usart.c...
linking...
Program Size: Code=10564 RO-data=404 RW-data=172 ZI-data=2140  
FromELF: creating hex file...
".\Objects\AS5050_test.axf" - 0 Error(s), 14 Warning(s).

<h2>Collection of Component include folders:</h2>
  J:\STM pro\Keil\AS5050_test\RTE
  d:\Keil_v5\ARM\PACK\Keil\STM32F0xx_DFP\2.0.0\Drivers\CMSIS\Device\ST\STM32F0xx\Include

<h2>Collection of Component Files used:</h2>
Build Time Elapsed:  00:00:07
</pre>
</body>
</html>
