Component: ARM Compiler 5.06 update 1 (build 61) Tool: armlink [4d35a8]

==============================================================================

Section Cross References

    startup_stm32f030.o(STACK) refers (Special) to heapauxi.o(.text) for __use_two_region_memory
    startup_stm32f030.o(HEAP) refers (Special) to heapauxi.o(.text) for __use_two_region_memory
    startup_stm32f030.o(RESET) refers (Special) to heapauxi.o(.text) for __use_two_region_memory
    startup_stm32f030.o(RESET) refers to startup_stm32f030.o(STACK) for __initial_sp
    startup_stm32f030.o(RESET) refers to startup_stm32f030.o(.text) for Reset_Handler
    startup_stm32f030.o(RESET) refers to main.o(i.SysTick_Handler) for SysTick_Handler
    startup_stm32f030.o(RESET) refers to main.o(i.DMA1_Channel1_IRQHandler) for DMA1_Channel1_IRQHandler
    startup_stm32f030.o(RESET) refers to main.o(i.ADC1_IRQHandler) for ADC1_IRQHandler
    startup_stm32f030.o(RESET) refers to main.o(i.TIM15_IRQHandler) for TIM15_IRQHandler
    startup_stm32f030.o(RESET) refers to usart.o(i.USART1_IRQHandler) for USART1_IRQHandler
    startup_stm32f030.o(.text) refers (Special) to heapauxi.o(.text) for __use_two_region_memory
    startup_stm32f030.o(.text) refers to startup_stm32f030.o(STACK) for __initial_sp
    startup_stm32f030.o(.text) refers to system_stm32f0xx.o(i.SystemInit) for SystemInit
    startup_stm32f030.o(.text) refers to __main.o(!!!main) for __main
    startup_stm32f030.o(.text) refers to startup_stm32f030.o(HEAP) for Heap_Mem
    system_stm32f0xx.o(i.SystemCoreClockUpdate) refers to aeabi_sdiv.o(.text) for __aeabi_uidivmod
    system_stm32f0xx.o(i.SystemCoreClockUpdate) refers to system_stm32f0xx.o(.data) for .data
    init_spi.o(i.AT45DB161_PageProgram) refers to init_spi.o(i.AT45DB161_Read_Status) for AT45DB161_Read_Status
    init_spi.o(i.AT45DB161_PageProgram) refers to init_spi.o(i.SPI_SendByteDB) for SPI_SendByteDB
    init_spi.o(i.AT45DB161_Read_Data) refers to init_spi.o(i.AT45DB161_Read_Status) for AT45DB161_Read_Status
    init_spi.o(i.AT45DB161_Read_Data) refers to init_spi.o(i.SPI_SendByteDB) for SPI_SendByteDB
    init_spi.o(i.AT45DB161_Read_Status) refers to init_spi.o(i.SPI_SendByteDB) for SPI_SendByteDB
    init_spi.o(i.SPI1_WR_String) refers to init_spi.o(i.SPI1_SendByte) for SPI1_SendByte
    init_spi.o(i.spiReadData) refers to init_spi.o(i.spiCalcEvenParity) for spiCalcEvenParity
    init_spi.o(i.spiReadData) refers to init_spi.o(i.SPI_SendByteAS) for SPI_SendByteAS
    main.o(i.Button_DN) refers to main.o(.data) for .data
    main.o(i.Button_MENU) refers to main.o(.data) for .data
    main.o(i.Button_UP) refers to main.o(.data) for .data
    main.o(i.DMA1_Channel1_IRQHandler) refers to fflti.o(.text) for __aeabi_ui2f
    main.o(i.DMA1_Channel1_IRQHandler) refers to faddsub.o(x$fpl$fadd) for __aeabi_fadd
    main.o(i.DMA1_Channel1_IRQHandler) refers to fmul.o(x$fpl$fmul) for __aeabi_fmul
    main.o(i.DMA1_Channel1_IRQHandler) refers to main.o(.data) for .data
    main.o(i.DMA1_Channel1_IRQHandler) refers to main.o(.bss) for .bss
    main.o(i.DMA_ini_ADC1) refers to main.o(i.NVIC_SetPriority) for NVIC_SetPriority
    main.o(i.DMA_ini_ADC1) refers to main.o(.bss) for .bss
    main.o(i.InitTimer1) refers to stm32f0xx_rcc.o(i.RCC_APB2PeriphClockCmd) for RCC_APB2PeriphClockCmd
    main.o(i.InitTimer1) refers to stm32f0xx_rcc.o(i.RCC_AHBPeriphClockCmd) for RCC_AHBPeriphClockCmd
    main.o(i.InitTimer1) refers to stm32f0xx_gpio.o(i.GPIO_Init) for GPIO_Init
    main.o(i.InitTimer1) refers to stm32f0xx_gpio.o(i.GPIO_PinAFConfig) for GPIO_PinAFConfig
    main.o(i.InitTimer1) refers to stm32f0xx_tim.o(i.TIM_TimeBaseInit) for TIM_TimeBaseInit
    main.o(i.InitTimer1) refers to stm32f0xx_tim.o(i.TIM_OC1Init) for TIM_OC1Init
    main.o(i.InitTimer1) refers to stm32f0xx_tim.o(i.TIM_OC1PreloadConfig) for TIM_OC1PreloadConfig
    main.o(i.InitTimer1) refers to stm32f0xx_tim.o(i.TIM_Cmd) for TIM_Cmd
    main.o(i.InitTimer14) refers to stm32f0xx_rcc.o(i.RCC_APB1PeriphClockCmd) for RCC_APB1PeriphClockCmd
    main.o(i.InitTimer14) refers to stm32f0xx_rcc.o(i.RCC_AHBPeriphClockCmd) for RCC_AHBPeriphClockCmd
    main.o(i.InitTimer14) refers to stm32f0xx_gpio.o(i.GPIO_Init) for GPIO_Init
    main.o(i.InitTimer14) refers to stm32f0xx_gpio.o(i.GPIO_PinAFConfig) for GPIO_PinAFConfig
    main.o(i.InitTimer14) refers to stm32f0xx_tim.o(i.TIM_TimeBaseInit) for TIM_TimeBaseInit
    main.o(i.InitTimer14) refers to stm32f0xx_tim.o(i.TIM_OC1Init) for TIM_OC1Init
    main.o(i.InitTimer14) refers to stm32f0xx_tim.o(i.TIM_OC1PreloadConfig) for TIM_OC1PreloadConfig
    main.o(i.InitTimer14) refers to stm32f0xx_tim.o(i.TIM_Cmd) for TIM_Cmd
    main.o(i.InitTimer15) refers to stm32f0xx_misc.o(i.NVIC_Init) for NVIC_Init
    main.o(i.InitTimer16) refers to stm32f0xx_rcc.o(i.RCC_APB2PeriphClockCmd) for RCC_APB2PeriphClockCmd
[...]
    Removing stm32f0xx_rtc.o(i.RTC_WriteProtectionCmd), (28 bytes).
    Removing stm32f0xx_spi.o(.rev16_text), (4 bytes).
    Removing stm32f0xx_spi.o(.revsh_text), (4 bytes).
    Removing stm32f0xx_spi.o(i.I2S_Cmd), (32 bytes).
    Removing stm32f0xx_spi.o(i.I2S_Init), (168 bytes).
    Removing stm32f0xx_spi.o(i.I2S_StructInit), (18 bytes).
    Removing stm32f0xx_spi.o(i.SPI_BiDirectionalLineConfig), (32 bytes).
    Removing stm32f0xx_spi.o(i.SPI_CRCLengthConfig), (20 bytes).
    Removing stm32f0xx_spi.o(i.SPI_CalculateCRC), (32 bytes).
    Removing stm32f0xx_spi.o(i.SPI_Cmd), (22 bytes).
    Removing stm32f0xx_spi.o(i.SPI_DataSizeConfig), (16 bytes).
    Removing stm32f0xx_spi.o(i.SPI_GetCRC), (12 bytes).
    Removing stm32f0xx_spi.o(i.SPI_GetCRCPolynomial), (4 bytes).
    Removing stm32f0xx_spi.o(i.SPI_GetReceptionFIFOStatus), (10 bytes).
    Removing stm32f0xx_spi.o(i.SPI_GetTransmissionFIFOStatus), (10 bytes).
    Removing stm32f0xx_spi.o(i.SPI_I2S_ClearFlag), (6 bytes).
    Removing stm32f0xx_spi.o(i.SPI_I2S_DMACmd), (20 bytes).
    Removing stm32f0xx_spi.o(i.SPI_I2S_DeInit), (64 bytes).
    Removing stm32f0xx_spi.o(i.SPI_I2S_GetFlagStatus), (14 bytes).
    Removing stm32f0xx_spi.o(i.SPI_I2S_GetITStatus), (42 bytes).
    Removing stm32f0xx_spi.o(i.SPI_I2S_ITConfig), (28 bytes).
    Removing stm32f0xx_spi.o(i.SPI_I2S_ReceiveData16), (4 bytes).
    Removing stm32f0xx_spi.o(i.SPI_I2S_SendData16), (4 bytes).
    Removing stm32f0xx_spi.o(i.SPI_Init), (84 bytes).
    Removing stm32f0xx_spi.o(i.SPI_LastDMATransferCmd), (20 bytes).
    Removing stm32f0xx_spi.o(i.SPI_NSSInternalSoftwareConfig), (32 bytes).
    Removing stm32f0xx_spi.o(i.SPI_NSSPulseModeCmd), (22 bytes).
    Removing stm32f0xx_spi.o(i.SPI_ReceiveData8), (4 bytes).
    Removing stm32f0xx_spi.o(i.SPI_RxFIFOThresholdConfig), (20 bytes).
    Removing stm32f0xx_spi.o(i.SPI_SSOutputCmd), (22 bytes).
    Removing stm32f0xx_spi.o(i.SPI_SendData8), (4 bytes).
    Removing stm32f0xx_spi.o(i.SPI_StructInit), (28 bytes).
    Removing stm32f0xx_spi.o(i.SPI_TIModeCmd), (22 bytes).
    Removing stm32f0xx_spi.o(i.SPI_TransmitCRC), (12 bytes).
    Removing stm32f0xx_syscfg.o(.rev16_text), (4 bytes).
    Removing stm32f0xx_syscfg.o(.revsh_text), (4 bytes).
    Removing stm32f0xx_syscfg.o(i.SYSCFG_BreakConfig), (16 bytes).
    Removing stm32f0xx_syscfg.o(i.SYSCFG_ClearFlag), (16 bytes).
    Removing stm32f0xx_syscfg.o(i.SYSCFG_DMAChannelRemapConfig), (28 bytes).
    Removing stm32f0xx_syscfg.o(i.SYSCFG_DeInit), (36 bytes).
    Removing stm32f0xx_syscfg.o(i.SYSCFG_EXTILineConfig), (40 bytes).
    Removing stm32f0xx_syscfg.o(i.SYSCFG_GetFlagStatus), (20 bytes).
    Removing stm32f0xx_syscfg.o(i.SYSCFG_GetPendingIT), (24 bytes).
    Removing stm32f0xx_syscfg.o(i.SYSCFG_I2CFastModePlusConfig), (28 bytes).
    Removing stm32f0xx_syscfg.o(i.SYSCFG_IRDAEnvSelection), (24 bytes).
    Removing stm32f0xx_syscfg.o(i.SYSCFG_MemoryRemapConfig), (20 bytes).
    Removing stm32f0xx_tim.o(.rev16_text), (4 bytes).
    Removing stm32f0xx_tim.o(.revsh_text), (4 bytes).
    Removing stm32f0xx_tim.o(i.TI1_Config), (40 bytes).
    Removing stm32f0xx_tim.o(i.TI2_Config), (48 bytes).
    Removing stm32f0xx_tim.o(i.TI3_Config), (52 bytes).
    Removing stm32f0xx_tim.o(i.TI4_Config), (60 bytes).
    Removing stm32f0xx_tim.o(i.TIM_ARRPreloadConfig), (22 bytes).
    Removing stm32f0xx_tim.o(i.TIM_BDTRConfig), (34 bytes).
    Removing stm32f0xx_tim.o(i.TIM_BDTRStructInit), (18 bytes).
    Removing stm32f0xx_tim.o(i.TIM_CCPreloadControl), (24 bytes).
    Removing stm32f0xx_tim.o(i.TIM_CCxCmd), (22 bytes).
    Removing stm32f0xx_tim.o(i.TIM_CCxNCmd), (22 bytes).
    Removing stm32f0xx_tim.o(i.TIM_ClearFlag), (6 bytes).
    Removing stm32f0xx_tim.o(i.TIM_ClearOC1Ref), (12 bytes).
    Removing stm32f0xx_tim.o(i.TIM_ClearOC2Ref), (14 bytes).
    Removing stm32f0xx_tim.o(i.TIM_ClearOC3Ref), (12 bytes).
    Removing stm32f0xx_tim.o(i.TIM_ClearOC4Ref), (14 bytes).
    Removing stm32f0xx_tim.o(i.TIM_CounterModeConfig), (12 bytes).
    Removing stm32f0xx_tim.o(i.TIM_CtrlPWMOutputs), (28 bytes).
    Removing stm32f0xx_tim.o(i.TIM_DMACmd), (20 bytes).
    Removing stm32f0xx_tim.o(i.TIM_DMAConfig), (8 bytes).
    Removing stm32f0xx_tim.o(i.TIM_DeInit), (264 bytes).
    Removing stm32f0xx_tim.o(i.TIM_ETRClockMode1Config), (30 bytes).
    Removing stm32f0xx_tim.o(i.TIM_ETRClockMode2Config), (22 bytes).
    Removing stm32f0xx_tim.o(i.TIM_ETRConfig), (18 bytes).
    Removing stm32f0xx_tim.o(i.TIM_EncoderInterfaceConfig), (48 bytes).
    Removing stm32f0xx_tim.o(i.TIM_ForcedOC1Config), (12 bytes).
    Removing stm32f0xx_tim.o(i.TIM_ForcedOC2Config), (20 bytes).
    Removing stm32f0xx_tim.o(i.TIM_ForcedOC3Config), (12 bytes).
    Removing stm32f0xx_tim.o(i.TIM_ForcedOC4Config), (20 bytes).
    Removing stm32f0xx_tim.o(i.TIM_GenerateEvent), (4 bytes).
    Removing stm32f0xx_tim.o(i.TIM_GetCapture3), (4 bytes).
    Removing stm32f0xx_tim.o(i.TIM_GetCapture4), (4 bytes).
    Removing stm32f0xx_tim.o(i.TIM_GetCounter), (4 bytes).
    Removing stm32f0xx_tim.o(i.TIM_GetFlagStatus), (14 bytes).
    Removing stm32f0xx_tim.o(i.TIM_GetPrescaler), (4 bytes).
    Removing stm32f0xx_tim.o(i.TIM_ICInit), (90 bytes).
    Removing stm32f0xx_tim.o(i.TIM_ICStructInit), (16 bytes).
    Removing stm32f0xx_tim.o(i.TIM_ITConfig), (20 bytes).
    Removing stm32f0xx_tim.o(i.TIM_ITRxExternalClockConfig), (20 bytes).
    Removing stm32f0xx_tim.o(i.TIM_InternalClockConfig), (10 bytes).
    Removing stm32f0xx_tim.o(i.TIM_OC1FastConfig), (12 bytes).
    Removing stm32f0xx_tim.o(i.TIM_OC1NPolarityConfig), (12 bytes).
    Removing stm32f0xx_tim.o(i.TIM_OC1PolarityConfig), (12 bytes).
    Removing stm32f0xx_tim.o(i.TIM_OC2FastConfig), (20 bytes).
    Removing stm32f0xx_tim.o(i.TIM_OC2Init), (152 bytes).
    Removing stm32f0xx_tim.o(i.TIM_OC2NPolarityConfig), (14 bytes).
    Removing stm32f0xx_tim.o(i.TIM_OC2PolarityConfig), (14 bytes).
    Removing stm32f0xx_tim.o(i.TIM_OC2PreloadConfig), (20 bytes).
    Removing stm32f0xx_tim.o(i.TIM_OC3FastConfig), (12 bytes).
    Removing stm32f0xx_tim.o(i.TIM_OC3Init), (144 bytes).
    Removing stm32f0xx_tim.o(i.TIM_OC3NPolarityConfig), (20 bytes).
    Removing stm32f0xx_tim.o(i.TIM_OC3PolarityConfig), (20 bytes).
    Removing stm32f0xx_tim.o(i.TIM_OC3PreloadConfig), (12 bytes).
    Removing stm32f0xx_tim.o(i.TIM_OC4FastConfig), (20 bytes).
    Removing stm32f0xx_tim.o(i.TIM_OC4Init), (108 bytes).
    Removing stm32f0xx_tim.o(i.TIM_OC4PolarityConfig), (20 bytes).
    Removing stm32f0xx_tim.o(i.TIM_OC4PreloadConfig), (20 bytes).
    Removing stm32f0xx_tim.o(i.TIM_OCStructInit), (20 bytes).
    Removing stm32f0xx_tim.o(i.TIM_PWMIConfig), (106 bytes).
    Removing stm32f0xx_tim.o(i.TIM_PrescalerConfig), (6 bytes).
    Removing stm32f0xx_tim.o(i.TIM_RemapConfig), (6 bytes).
    Removing stm32f0xx_tim.o(i.TIM_SelectCCDMA), (22 bytes).
    Removing stm32f0xx_tim.o(i.TIM_SelectCOM), (22 bytes).
    Removing stm32f0xx_tim.o(i.TIM_SelectHallSensor), (22 bytes).
    Removing stm32f0xx_tim.o(i.TIM_SelectInputTrigger), (12 bytes).
    Removing stm32f0xx_tim.o(i.TIM_SelectMasterSlaveMode), (16 bytes).
    Removing stm32f0xx_tim.o(i.TIM_SelectOCREFClear), (16 bytes).
    Removing stm32f0xx_tim.o(i.TIM_SelectOCxM), (74 bytes).
    Removing stm32f0xx_tim.o(i.TIM_SelectOnePulseMode), (16 bytes).
    Removing stm32f0xx_tim.o(i.TIM_SelectOutputTrigger), (16 bytes).
    Removing stm32f0xx_tim.o(i.TIM_SelectSlaveMode), (16 bytes).
    Removing stm32f0xx_tim.o(i.TIM_SetAutoreload), (4 bytes).
    Removing stm32f0xx_tim.o(i.TIM_SetClockDivision), (20 bytes).
    Removing stm32f0xx_tim.o(i.TIM_SetCompare1), (4 bytes).
    Removing stm32f0xx_tim.o(i.TIM_SetCompare2), (4 bytes).
    Removing stm32f0xx_tim.o(i.TIM_SetCompare3), (4 bytes).
    Removing stm32f0xx_tim.o(i.TIM_SetCompare4), (4 bytes).
    Removing stm32f0xx_tim.o(i.TIM_SetCounter), (4 bytes).
    Removing stm32f0xx_tim.o(i.TIM_SetIC1Prescaler), (16 bytes).
    Removing stm32f0xx_tim.o(i.TIM_SetIC2Prescaler), (24 bytes).
    Removing stm32f0xx_tim.o(i.TIM_SetIC3Prescaler), (16 bytes).
    Removing stm32f0xx_tim.o(i.TIM_SetIC4Prescaler), (24 bytes).
    Removing stm32f0xx_tim.o(i.TIM_TIxExternalClockConfig), (48 bytes).
    Removing stm32f0xx_tim.o(i.TIM_TimeBaseStructInit), (18 bytes).
    Removing stm32f0xx_tim.o(i.TIM_UpdateDisableConfig), (22 bytes).
    Removing stm32f0xx_tim.o(i.TIM_UpdateRequestConfig), (22 bytes).
    Removing stm32f0xx_usart.o(.rev16_text), (4 bytes).
    Removing stm32f0xx_usart.o(.revsh_text), (4 bytes).
    Removing stm32f0xx_usart.o(i.USART_AddressDetectionConfig), (16 bytes).
    Removing stm32f0xx_usart.o(i.USART_AutoBaudRateCmd), (24 bytes).
    Removing stm32f0xx_usart.o(i.USART_AutoBaudRateConfig), (18 bytes).
    Removing stm32f0xx_usart.o(i.USART_ClearFlag), (4 bytes).
    Removing stm32f0xx_usart.o(i.USART_ClearITPendingBit), (10 bytes).
    Removing stm32f0xx_usart.o(i.USART_ClockInit), (30 bytes).
    Removing stm32f0xx_usart.o(i.USART_ClockStructInit), (12 bytes).
    Removing stm32f0xx_usart.o(i.USART_Cmd), (24 bytes).
    Removing stm32f0xx_usart.o(i.USART_DECmd), (24 bytes).
    Removing stm32f0xx_usart.o(i.USART_DEPolarityConfig), (18 bytes).
    Removing stm32f0xx_usart.o(i.USART_DMACmd), (20 bytes).
    Removing stm32f0xx_usart.o(i.USART_DMAReceptionErrorConfig), (18 bytes).
    Removing stm32f0xx_usart.o(i.USART_DataInvCmd), (24 bytes).
    Removing stm32f0xx_usart.o(i.USART_DeInit), (236 bytes).
    Removing stm32f0xx_usart.o(i.USART_DirectionModeCmd), (20 bytes).
    Removing stm32f0xx_usart.o(i.USART_GetFlagStatus), (14 bytes).
    Removing stm32f0xx_usart.o(i.USART_GetITStatus), (60 bytes).
    Removing stm32f0xx_usart.o(i.USART_HalfDuplexCmd), (22 bytes).
    Removing stm32f0xx_usart.o(i.USART_ITConfig), (46 bytes).
    Removing stm32f0xx_usart.o(i.USART_Init), (176 bytes).
    Removing stm32f0xx_usart.o(i.USART_InvPinCmd), (20 bytes).
    Removing stm32f0xx_usart.o(i.USART_IrDACmd), (22 bytes).
    Removing stm32f0xx_usart.o(i.USART_IrDAConfig), (16 bytes).
    Removing stm32f0xx_usart.o(i.USART_LINBreakDetectLengthConfig), (16 bytes).
    Removing stm32f0xx_usart.o(i.USART_LINCmd), (24 bytes).
    Removing stm32f0xx_usart.o(i.USART_MSBFirstCmd), (24 bytes).
    Removing stm32f0xx_usart.o(i.USART_MuteModeCmd), (24 bytes).
    Removing stm32f0xx_usart.o(i.USART_MuteModeWakeUpConfig), (18 bytes).
    Removing stm32f0xx_usart.o(i.USART_OneBitMethodCmd), (24 bytes).
    Removing stm32f0xx_usart.o(i.USART_OverSampling8Cmd), (24 bytes).
    Removing stm32f0xx_usart.o(i.USART_OverrunDetectionConfig), (18 bytes).
    Removing stm32f0xx_usart.o(i.USART_ReceiveData), (8 bytes).
    Removing stm32f0xx_usart.o(i.USART_ReceiverTimeOutCmd), (24 bytes).
    Removing stm32f0xx_usart.o(i.USART_RequestCmd), (20 bytes).
    Removing stm32f0xx_usart.o(i.USART_STOPModeCmd), (22 bytes).
    Removing stm32f0xx_usart.o(i.USART_SWAPPinCmd), (24 bytes).
    Removing stm32f0xx_usart.o(i.USART_SendData), (8 bytes).
    Removing stm32f0xx_usart.o(i.USART_SetAddress), (18 bytes).
    Removing stm32f0xx_usart.o(i.USART_SetAutoRetryCount), (20 bytes).
    Removing stm32f0xx_usart.o(i.USART_SetBlockLength), (18 bytes).
    Removing stm32f0xx_usart.o(i.USART_SetDEAssertionTime), (20 bytes).
    Removing stm32f0xx_usart.o(i.USART_SetDEDeassertionTime), (20 bytes).
    Removing stm32f0xx_usart.o(i.USART_SetGuardTime), (16 bytes).
    Removing stm32f0xx_usart.o(i.USART_SetPrescaler), (16 bytes).
    Removing stm32f0xx_usart.o(i.USART_SetReceiverTimeOut), (16 bytes).
    Removing stm32f0xx_usart.o(i.USART_SmartCardCmd), (22 bytes).
    Removing stm32f0xx_usart.o(i.USART_SmartCardNACKCmd), (22 bytes).
    Removing stm32f0xx_usart.o(i.USART_StopModeWakeUpSourceConfig), (18 bytes).
    Removing stm32f0xx_usart.o(i.USART_StructInit), (22 bytes).
    Removing stm32f0xx_wwdg.o(.rev16_text), (4 bytes).
    Removing stm32f0xx_wwdg.o(.revsh_text), (4 bytes).
    Removing stm32f0xx_wwdg.o(i.WWDG_ClearFlag), (12 bytes).
    Removing stm32f0xx_wwdg.o(i.WWDG_DeInit), (22 bytes).
    Removing stm32f0xx_wwdg.o(i.WWDG_Enable), (16 bytes).
    Removing stm32f0xx_wwdg.o(i.WWDG_EnableIT), (16 bytes).
    Removing stm32f0xx_wwdg.o(i.WWDG_GetFlagStatus), (20 bytes).
    Removing stm32f0xx_wwdg.o(i.WWDG_SetCounter), (16 bytes).
    Removing stm32f0xx_wwdg.o(i.WWDG_SetPrescaler), (20 bytes).
    Removing stm32f0xx_wwdg.o(i.WWDG_SetWindowValue), (32 bytes).
    Removing usart.o(.rev16_text), (4 bytes).
    Removing usart.o(.revsh_text), (4 bytes).
    Removing usart.o(i.USART1_str), (20 bytes).
    Removing usart.o(i.Usart_Transmit), (20 bytes).
    Removing usart.o(i.Usart_init), (144 bytes).
    Removing usart.o(i.fifo_copy_buf), (40 bytes).
    Removing usart.o(i.fifo_init), (14 bytes).
    Removing usart.o(i.fifo_read), (52 bytes).

684 unused section(s) (total 21294 bytes) removed from the image.

==============================================================================

Image Symbol Table

    Local Symbols

    Symbol Name                              Value     Ov Type        Size  Object(Section)

    ../clib/angel/boardlib.s                 0x00000000   Number         0  boardshut.o ABSOLUTE
    ../clib/angel/boardlib.s                 0x00000000   Number         0  boardinit1.o ABSOLUTE
    ../clib/angel/boardlib.s                 0x00000000   Number         0  boardinit2.o ABSOLUTE
    ../clib/angel/boardlib.s                 0x00000000   Number         0  boardinit3.o ABSOLUTE
    ../clib/angel/handlers.s                 0x00000000   Number         0  __scatter_zi.o ABSOLUTE
    ../clib/angel/handlers.s                 0x00000000   Number         0  __scatter_copy.o ABSOLUTE
    ../clib/angel/kernel.s                   0x00000000   Number         0  __rtentry.o ABSOLUTE
    ../clib/angel/kernel.s                   0x00000000   Number         0  rtexit2.o ABSOLUTE
    ../clib/angel/kernel.s                   0x00000000   Number         0  __rtentry2.o ABSOLUTE
    ../clib/angel/kernel.s                   0x00000000   Number         0  rtexit.o ABSOLUTE
    ../clib/angel/kernel.s                   0x00000000   Number         0  __rtentry4.o ABSOLUTE
    ../clib/angel/rt.s                       0x00000000   Number         0  rt_errno_addr_intlibspace.o ABSOLUTE
    ../clib/angel/rt.s                       0x00000000   Number         0  aeabi_idiv0.o ABSOLUTE
    ../clib/angel/rt.s                       0x00000000   Number         0  aeabi_idiv0_sigfpe.o ABSOLUTE
    ../clib/angel/rt.s                       0x00000000   Number         0  rt_div0.o ABSOLUTE
    ../clib/angel/rt.s                       0x00000000   Number         0  rt_errno_addr.o ABSOLUTE
    ../clib/angel/rt.s                       0x00000000   Number         0  rt_raise.o ABSOLUTE
    ../clib/angel/scatterp.s                 0x00000000   Number         0  __scatter.o ABSOLUTE
    ../clib/angel/startup.s                  0x00000000   Number         0  __main.o ABSOLUTE
    ../clib/angel/sys.s                      0x00000000   Number         0  sys_stackheap_outer.o ABSOLUTE
    ../clib/angel/sys.s                      0x00000000   Number         0  use_no_semi.o ABSOLUTE
    ../clib/angel/sys.s                      0x00000000   Number         0  indicate_semi.o ABSOLUTE
    ../clib/angel/sys.s                      0x00000000   Number         0  libspace.o ABSOLUTE
    ../clib/angel/sys.s                      0x00000000   Number         0  tempstk.o ABSOLUTE
    ../clib/angel/sysapp.c                   0x00000000   Number         0  sys_command.o ABSOLUTE
    ../clib/angel/sysapp.c                   0x00000000   Number         0  sys_exit.o ABSOLUTE
    ../clib/angel/sysapp.c                   0x00000000   Number         0  sys_wrch.o ABSOLUTE
    ../clib/armsys.c                         0x00000000   Number         0  no_argv.o ABSOLUTE
    ../clib/armsys.c                         0x00000000   Number         0  _get_argv_nomalloc.o ABSOLUTE
    ../clib/armsys.c                         0x00000000   Number         0  argv_veneer.o ABSOLUTE
    ../clib/division.s                       0x00000000   Number         0  aeabi_sdiv.o ABSOLUTE
    ../clib/division.s                       0x00000000   Number         0  aeabi_sdiv_div0.o ABSOLUTE
    ../clib/fenv.c                           0x00000000   Number         0  _rserrno.o ABSOLUTE
    ../clib/heapalloc.c                      0x00000000   Number         0  hrguard.o ABSOLUTE
    ../clib/heapaux.c                        0x00000000   Number         0  heapauxi.o ABSOLUTE
    ../clib/libinit.s                        0x00000000   Number         0  libshutdown2.o ABSOLUTE
    ../clib/libinit.s                        0x00000000   Number         0  libshutdown.o ABSOLUTE
    ../clib/libinit.s                        0x00000000   Number         0  libinit2.o ABSOLUTE
    ../clib/libinit.s                        0x00000000   Number         0  libinit.o ABSOLUTE
    ../clib/signal.c                         0x00000000   Number         0  defsig_other.o ABSOLUTE
    ../clib/signal.c                         0x00000000   Number         0  defsig_segv_inner.o ABSOLUTE
    ../clib/signal.c                         0x00000000   Number         0  defsig_cppl_inner.o ABSOLUTE
    ../clib/signal.c                         0x00000000   Number         0  defsig_pvfn_inner.o ABSOLUTE
    ../clib/signal.c                         0x00000000   Number         0  defsig_fpe_formal.o ABSOLUTE
    ../clib/signal.c                         0x00000000   Number         0  defsig_rtmem_formal.o ABSOLUTE
    ../clib/signal.c                         0x00000000   Number         0  defsig_rtmem_outer.o ABSOLUTE
    ../clib/signal.c                         0x00000000   Number         0  defsig_rtmem_inner.o ABSOLUTE
    ../clib/signal.c                         0x00000000   Number         0  defsig_rtred_inner.o ABSOLUTE
    ../clib/signal.c                         0x00000000   Number         0  defsig_abrt_inner.o ABSOLUTE
    ../clib/signal.c                         0x00000000   Number         0  defsig_general.o ABSOLUTE
    ../clib/signal.c                         0x00000000   Number         0  __raise.o ABSOLUTE
    ../clib/signal.c                         0x00000000   Number         0  defsig_stak_inner.o ABSOLUTE
    ../clib/signal.c                         0x00000000   Number         0  defsig_fpe_inner.o ABSOLUTE
    ../clib/signal.c                         0x00000000   Number         0  defsig_exit.o ABSOLUTE
    ../clib/signal.c                         0x00000000   Number         0  defsig_fpe_outer.o ABSOLUTE
    ../clib/signal.s                         0x00000000   Number         0  defsig.o ABSOLUTE
    ../clib/stdlib.c                         0x00000000   Number         0  exit.o ABSOLUTE
    ../fplib/cfplib/cmpret.c                 0x00000000   Number         0  cmpret.o ABSOLUTE
    ../fplib/cfplib/d2f.c                    0x00000000   Number         0  d2f.o ABSOLUTE
    ../fplib/cfplib/daddsub.c                0x00000000   Number         0  daddsub.o ABSOLUTE
    ../fplib/cfplib/dcmpin.c                 0x00000000   Number         0  dcmpin.o ABSOLUTE
    ../fplib/cfplib/ddiv.c                   0x00000000   Number         0  ddiv.o ABSOLUTE
    ../fplib/cfplib/dmul.c                   0x00000000   Number         0  dmul.o ABSOLUTE
    ../fplib/cfplib/dsqrt.c                  0x00000000   Number         0  dsqrt.o ABSOLUTE
    ../fplib/cfplib/f2d.c                    0x00000000   Number         0  f2d.o ABSOLUTE
    ../fplib/cfplib/fcmpin.c                 0x00000000   Number         0  fcmpin.o ABSOLUTE
    ../fplib/cfplib/fdiv.c                   0x00000000   Number         0  fdiv.o ABSOLUTE
    ../fplib/cfplib/ffix.c                   0x00000000   Number         0  dfixui.o ABSOLUTE
    ../fplib/cfplib/ffix.c                   0x00000000   Number         0  ffixui.o ABSOLUTE
    ../fplib/cfplib/ffix.c                   0x00000000   Number         0  ffixi.o ABSOLUTE
    ../fplib/cfplib/fflt.c                   0x00000000   Number         0  dflti.o ABSOLUTE
    ../fplib/cfplib/fflt.c                   0x00000000   Number         0  fflti.o ABSOLUTE
    ../fplib/cfplib/fpinit.c                 0x00000000   Number         0  fpinit.o ABSOLUTE
    ../fplib/cfplib/nan2.c                   0x00000000   Number         0  dnan2.o ABSOLUTE
    ../fplib/cfplib/nan2.c                   0x00000000   Number         0  fnan2.o ABSOLUTE
    ../fplib/cfplib/retnan.c                 0x00000000   Number         0  retnan.o ABSOLUTE
    ../fplib/dleqf6m.s                       0x00000000   Number         0  dlef.o ABSOLUTE
    ../fplib/faddsub6m.s                     0x00000000   Number         0  faddsub.o ABSOLUTE
    ../fplib/fleqf6m.s                       0x00000000   Number         0  flef.o ABSOLUTE
    ../fplib/fmul6m.s                        0x00000000   Number         0  fmul.o ABSOLUTE
    ../fplib/frleqf6m.s                      0x00000000   Number         0  frlef.o ABSOLUTE
    ../fplib/usenofp.s                       0x00000000   Number         0  usenofp.o ABSOLUTE
    ../mathlib/sqrt.c                        0x00000000   Number         0  sqrt_x.o ABSOLUTE
    ../mathlib/sqrt.c                        0x00000000   Number         0  sqrt.o ABSOLUTE
    Libs\CMSIS\system_stm32f0xx.c            0x00000000   Number         0  system_stm32f0xx.o ABSOLUTE
    Libs\Drivers\src\1wire.c                 0x00000000   Number         0  1wire.o ABSOLUTE
    Libs\Drivers\src\stm32f0xx_adc.c         0x00000000   Number         0  stm32f0xx_adc.o ABSOLUTE
    Libs\Drivers\src\stm32f0xx_can.c         0x00000000   Number         0  stm32f0xx_can.o ABSOLUTE
    Libs\Drivers\src\stm32f0xx_cec.c         0x00000000   Number         0  stm32f0xx_cec.o ABSOLUTE
    Libs\Drivers\src\stm32f0xx_comp.c        0x00000000   Number         0  stm32f0xx_comp.o ABSOLUTE
    Libs\Drivers\src\stm32f0xx_crc.c         0x00000000   Number         0  stm32f0xx_crc.o ABSOLUTE
    Libs\Drivers\src\stm32f0xx_crs.c         0x00000000   Number         0  stm32f0xx_crs.o ABSOLUTE
    Libs\Drivers\src\stm32f0xx_dac.c         0x00000000   Number         0  stm32f0xx_dac.o ABSOLUTE
    Libs\Drivers\src\stm32f0xx_dbgmcu.c      0x00000000   Number         0  stm32f0xx_dbgmcu.o ABSOLUTE
    Libs\Drivers\src\stm32f0xx_dma.c         0x00000000   Number         0  stm32f0xx_dma.o ABSOLUTE
    Libs\Drivers\src\stm32f0xx_exti.c        0x00000000   Number         0  stm32f0xx_exti.o ABSOLUTE
    Libs\Drivers\src\stm32f0xx_flash.c       0x00000000   Number         0  stm32f0xx_flash.o ABSOLUTE
    Libs\Drivers\src\stm32f0xx_gpio.c        0x00000000   Number         0  stm32f0xx_gpio.o ABSOLUTE
    Libs\Drivers\src\stm32f0xx_i2c.c         0x00000000   Number         0  stm32f0xx_i2c.o ABSOLUTE
    Libs\Drivers\src\stm32f0xx_iwdg.c        0x00000000   Number         0  stm32f0xx_iwdg.o ABSOLUTE
    Libs\Drivers\src\stm32f0xx_misc.c        0x00000000   Number         0  stm32f0xx_misc.o ABSOLUTE
    Libs\Drivers\src\stm32f0xx_pwr.c         0x00000000   Number         0  stm32f0xx_pwr.o ABSOLUTE
    Libs\Drivers\src\stm32f0xx_rcc.c         0x00000000   Number         0  stm32f0xx_rcc.o ABSOLUTE
    Libs\Drivers\src\stm32f0xx_rtc.c         0x00000000   Number         0  stm32f0xx_rtc.o ABSOLUTE
    Libs\Drivers\src\stm32f0xx_spi.c         0x00000000   Number         0  stm32f0xx_spi.o ABSOLUTE
    Libs\Drivers\src\stm32f0xx_syscfg.c      0x00000000   Number         0  stm32f0xx_syscfg.o ABSOLUTE
    Libs\Drivers\src\stm32f0xx_tim.c         0x00000000   Number         0  stm32f0xx_tim.o ABSOLUTE
    Libs\Drivers\src\stm32f0xx_usart.c       0x00000000   Number         0  stm32f0xx_usart.o ABSOLUTE
    Libs\Drivers\src\stm32f0xx_wwdg.c        0x00000000   Number         0  stm32f0xx_wwdg.o ABSOLUTE
    Libs\Drivers\src\usart.c                 0x00000000   Number         0  usart.o ABSOLUTE
    Libs\Startup\startup_stm32f030.s         0x00000000   Number         0  startup_stm32f030.o ABSOLUTE
    Libs\\CMSIS\\system_stm32f0xx.c          0x00000000   Number         0  system_stm32f0xx.o ABSOLUTE
    Libs\\Drivers\\src\\1wire.c              0x00000000   Number         0  1wire.o ABSOLUTE
    Libs\\Drivers\\src\\stm32f0xx_adc.c      0x00000000   Number         0  stm32f0xx_adc.o ABSOLUTE
    Libs\\Drivers\\src\\stm32f0xx_can.c      0x00000000   Number         0  stm32f0xx_can.o ABSOLUTE
    Libs\\Drivers\\src\\stm32f0xx_cec.c      0x00000000   Number         0  stm32f0xx_cec.o ABSOLUTE
    Libs\\Drivers\\src\\stm32f0xx_comp.c     0x00000000   Number         0  stm32f0xx_comp.o ABSOLUTE
    Libs\\Drivers\\src\\stm32f0xx_crc.c      0x00000000   Number         0  stm32f0xx_crc.o ABSOLUTE
    Libs\\Drivers\\src\\stm32f0xx_crs.c      0x00000000   Number         0  stm32f0xx_crs.o ABSOLUTE
    Libs\\Drivers\\src\\stm32f0xx_dac.c      0x00000000   Number         0  stm32f0xx_dac.o ABSOLUTE
    Libs\\Drivers\\src\\stm32f0xx_dbgmcu.c   0x00000000   Number         0  stm32f0xx_dbgmcu.o ABSOLUTE
    Libs\\Drivers\\src\\stm32f0xx_dma.c      0x00000000   Number         0  stm32f0xx_dma.o ABSOLUTE
    Libs\\Drivers\\src\\stm32f0xx_exti.c     0x00000000   Number         0  stm32f0xx_exti.o ABSOLUTE
    Libs\\Drivers\\src\\stm32f0xx_flash.c    0x00000000   Number         0  stm32f0xx_flash.o ABSOLUTE
    Libs\\Drivers\\src\\stm32f0xx_gpio.c     0x00000000   Number         0  stm32f0xx_gpio.o ABSOLUTE
    Libs\\Drivers\\src\\stm32f0xx_i2c.c      0x00000000   Number         0  stm32f0xx_i2c.o ABSOLUTE
    Libs\\Drivers\\src\\stm32f0xx_iwdg.c     0x00000000   Number         0  stm32f0xx_iwdg.o ABSOLUTE
    Libs\\Drivers\\src\\stm32f0xx_misc.c     0x00000000   Number         0  stm32f0xx_misc.o ABSOLUTE
    Libs\\Drivers\\src\\stm32f0xx_pwr.c      0x00000000   Number         0  stm32f0xx_pwr.o ABSOLUTE
    Libs\\Drivers\\src\\stm32f0xx_rcc.c      0x00000000   Number         0  stm32f0xx_rcc.o ABSOLUTE
    Libs\\Drivers\\src\\stm32f0xx_rtc.c      0x00000000   Number         0  stm32f0xx_rtc.o ABSOLUTE
    Libs\\Drivers\\src\\stm32f0xx_spi.c      0x00000000   Number         0  stm32f0xx_spi.o ABSOLUTE
    Libs\\Drivers\\src\\stm32f0xx_syscfg.c   0x00000000   Number         0  stm32f0xx_syscfg.o ABSOLUTE
    Libs\\Drivers\\src\\stm32f0xx_tim.c      0x00000000   Number         0  stm32f0xx_tim.o ABSOLUTE
    Libs\\Drivers\\src\\stm32f0xx_usart.c    0x00000000   Number         0  stm32f0xx_usart.o ABSOLUTE
    Libs\\Drivers\\src\\stm32f0xx_wwdg.c     0x00000000   Number         0  stm32f0xx_wwdg.o ABSOLUTE
    Libs\\Drivers\\src\\usart.c              0x00000000   Number         0  usart.o ABSOLUTE
    UserSource\EEPROM_24C16.c                0x00000000   Number         0  eeprom_24c16.o ABSOLUTE
    UserSource\Init_I2C.c                    0x00000000   Number         0  init_i2c.o ABSOLUTE
    UserSource\Init_SPI.c                    0x00000000   Number         0  init_spi.o ABSOLUTE
    UserSource\\EEPROM_24C16.c               0x00000000   Number         0  eeprom_24c16.o ABSOLUTE
    UserSource\\Init_I2C.c                   0x00000000   Number         0  init_i2c.o ABSOLUTE
    UserSource\\Init_SPI.c                   0x00000000   Number         0  init_spi.o ABSOLUTE
    UserSource\\main.c                       0x00000000   Number         0  main.o ABSOLUTE
    UserSource\main.c                        0x00000000   Number         0  main.o ABSOLUTE
    dc.s                                     0x00000000   Number         0  dc.o ABSOLUTE
    RESET                                    0x08000000   Section      180  startup_stm32f030.o(RESET)
    !!!main                                  0x080000b4   Section        8  __main.o(!!!main)
    !!!scatter                               0x080000bc   Section       60  __scatter.o(!!!scatter)
    !!handler_copy                           0x080000f8   Section       26  __scatter_copy.o(!!handler_copy)
    !!handler_zi                             0x08000114   Section       28  __scatter_zi.o(!!handler_zi)
    .ARM.Collect$$libinit$$00000000          0x08000130   Section        2  libinit.o(.ARM.Collect$$libinit$$00000000)
    .ARM.Collect$$libinit$$00000002          0x08000132   Section        0  libinit2.o(.ARM.Collect$$libinit$$00000002)
    .ARM.Collect$$libinit$$00000004          0x08000132   Section        0  libinit2.o(.ARM.Collect$$libinit$$00000004)
    .ARM.Collect$$libinit$$0000000A          0x08000132   Section        0  libinit2.o(.ARM.Collect$$libinit$$0000000A)
    .ARM.Collect$$libinit$$0000000C          0x08000132   Section        0  libinit2.o(.ARM.Collect$$libinit$$0000000C)
    .ARM.Collect$$libinit$$0000000E          0x08000132   Section        0  libinit2.o(.ARM.Collect$$libinit$$0000000E)
    .ARM.Collect$$libinit$$00000011          0x08000132   Section        0  libinit2.o(.ARM.Collect$$libinit$$00000011)
    .ARM.Collect$$libinit$$00000013          0x08000132   Section        0  libinit2.o(.ARM.Collect$$libinit$$00000013)
    .ARM.Collect$$libinit$$00000015          0x08000132   Section        0  libinit2.o(.ARM.Collect$$libinit$$00000015)
    .ARM.Collect$$libinit$$00000017          0x08000132   Section        0  libinit2.o(.ARM.Collect$$libinit$$00000017)
    .ARM.Collect$$libinit$$00000019          0x08000132   Section        0  libinit2.o(.ARM.Collect$$libinit$$00000019)
    .ARM.Collect$$libinit$$0000001B          0x08000132   Section        0  libinit2.o(.ARM.Collect$$libinit$$0000001B)
    .ARM.Collect$$libinit$$0000001D          0x08000132   Section        0  libinit2.o(.ARM.Collect$$libinit$$0000001D)
    .ARM.Collect$$libinit$$0000001F          0x08000132   Section        0  libinit2.o(.ARM.Collect$$libinit$$0000001F)
    .ARM.Collect$$libinit$$00000021          0x08000132   Section        0  libinit2.o(.ARM.Collect$$libinit$$00000021)
    .ARM.Collect$$libinit$$00000023          0x08000132   Section        0  libinit2.o(.ARM.Collect$$libinit$$00000023)
    .ARM.Collect$$libinit$$00000025          0x08000132   Section        0  libinit2.o(.ARM.Collect$$libinit$$00000025)
    .ARM.Collect$$libinit$$0000002C          0x08000132   Section        0  libinit2.o(.ARM.Collect$$libinit$$0000002C)
    .ARM.Collect$$libinit$$0000002E          0x08000132   Section        0  libinit2.o(.ARM.Collect$$libinit$$0000002E)
    .ARM.Collect$$libinit$$00000030          0x08000132   Section        0  libinit2.o(.ARM.Collect$$libinit$$00000030)
    .ARM.Collect$$libinit$$00000032          0x08000132   Section        0  libinit2.o(.ARM.Collect$$libinit$$00000032)
    .ARM.Collect$$libinit$$00000033          0x08000132   Section        2  libinit2.o(.ARM.Collect$$libinit$$00000033)
    .ARM.Collect$$libshutdown$$00000000      0x08000134   Section        2  libshutdown.o(.ARM.Collect$$libshutdown$$00000000)
    .ARM.Collect$$libshutdown$$00000002      0x08000136   Section        0  libshutdown2.o(.ARM.Collect$$libshutdown$$00000002)
    .ARM.Collect$$libshutdown$$00000004      0x08000136   Section        0  libshutdown2.o(.ARM.Collect$$libshutdown$$00000004)
    .ARM.Collect$$libshutdown$$00000007      0x08000136   Section        0  libshutdown2.o(.ARM.Collect$$libshutdown$$00000007)
    .ARM.Collect$$libshutdown$$0000000A      0x08000136   Section        0  libshutdown2.o(.ARM.Collect$$libshutdown$$0000000A)
    .ARM.Collect$$libshutdown$$0000000C      0x08000136   Section        0  libshutdown2.o(.ARM.Collect$$libshutdown$$0000000C)
    .ARM.Collect$$libshutdown$$0000000F      0x08000136   Section        0  libshutdown2.o(.ARM.Collect$$libshutdown$$0000000F)
    .ARM.Collect$$libshutdown$$00000010      0x08000136   Section        2  libshutdown2.o(.ARM.Collect$$libshutdown$$00000010)
    .ARM.Collect$$rtentry$$00000000          0x08000138   Section        0  __rtentry.o(.ARM.Collect$$rtentry$$00000000)
    .ARM.Collect$$rtentry$$00000002          0x08000138   Section        0  __rtentry2.o(.ARM.Collect$$rtentry$$00000002)
    .ARM.Collect$$rtentry$$00000004          0x08000138   Section        6  __rtentry4.o(.ARM.Collect$$rtentry$$00000004)
    .ARM.Collect$$rtentry$$00000009          0x0800013e   Section        0  __rtentry2.o(.ARM.Collect$$rtentry$$00000009)
    .ARM.Collect$$rtentry$$0000000A          0x0800013e   Section        4  __rtentry2.o(.ARM.Collect$$rtentry$$0000000A)
    .ARM.Collect$$rtentry$$0000000C          0x08000142   Section        0  __rtentry2.o(.ARM.Collect$$rtentry$$0000000C)
    .ARM.Collect$$rtentry$$0000000D          0x08000142   Section        8  __rtentry2.o(.ARM.Collect$$rtentry$$0000000D)
    .ARM.Collect$$rtexit$$00000000           0x0800014a   Section        2  rtexit.o(.ARM.Collect$$rtexit$$00000000)
    .ARM.Collect$$rtexit$$00000002           0x0800014c   Section        0  rtexit2.o(.ARM.Collect$$rtexit$$00000002)
    .ARM.Collect$$rtexit$$00000003           0x0800014c   Section        4  rtexit2.o(.ARM.Collect$$rtexit$$00000003)
    .ARM.Collect$$rtexit$$00000004           0x08000150   Section        6  rtexit2.o(.ARM.Collect$$rtexit$$00000004)
    .text                                    0x08000158   Section      116  startup_stm32f030.o(.text)
    .text                                    0x080001cc   Section      346  aeabi_sdiv.o(.text)
    .text                                    0x08000326   Section        0  heapauxi.o(.text)
    .text                                    0x0800032c   Section        0  d2f.o(.text)
    .text                                    0x080003a8   Section        0  daddsub.o(.text)
    _dadd1                                   0x080003a9   Thumb Code   290  daddsub.o(.text)
    _dsub1                                   0x080004cb   Thumb Code   470  daddsub.o(.text)
    .text                                    0x08000700   Section        0  ddiv.o(.text)
    .text                                    0x08000b48   Section        0  dfixui.o(.text)
    .text                                    0x08000b90   Section        0  dflti.o(.text)
    .text                                    0x08000be8   Section        0  dmul.o(.text)
    .text                                    0x08000e30   Section        0  f2d.o(.text)
    .text                                    0x08000e84   Section        0  fdiv.o(.text)
    .text                                    0x08000fe4   Section        0  ffixi.o(.text)
    .text                                    0x08001030   Section        0  ffixui.o(.text)
    .text                                    0x08001060   Section        0  fflti.o(.text)
    .text                                    0x080010be   Section        0  _rserrno.o(.text)
    .text                                    0x080010d4   Section        0  dsqrt.o(.text)
    .text                                    0x080011d4   Section        0  fcmpin.o(.text)
    .text                                    0x08001238   Section        8  rt_errno_addr_intlibspace.o(.text)
    .text                                    0x08001240   Section        0  cmpret.o(.text)
    .text                                    0x08001270   Section        0  fnan2.o(.text)
    .text                                    0x08001280   Section        8  libspace.o(.text)
    .text                                    0x08001288   Section       62  sys_stackheap_outer.o(.text)
    .text                                    0x080012c6   Section        0  exit.o(.text)
    .text                                    0x080012d6   Section        0  retnan.o(.text)
    .text                                    0x08001334   Section        0  sys_exit.o(.text)
    .text                                    0x08001340   Section        2  use_no_semi.o(.text)
    .text                                    0x08001342   Section        0  indicate_semi.o(.text)
    i.ADC1_IRQHandler                        0x08001344   Section        0  main.o(i.ADC1_IRQHandler)
    i.AS5050_Init                            0x0800135c   Section        0  init_spi.o(i.AS5050_Init)
    i.DMA1_Channel1_IRQHandler               0x080013cc   Section        0  main.o(i.DMA1_Channel1_IRQHandler)
    i.Delay_ms                               0x08001510   Section        0  eeprom_24c16.o(i.Delay_ms)
    i.Delay_us                               0x08001540   Section        0  eeprom_24c16.o(i.Delay_us)
    i.EEPROM_16bit_read                      0x08001570   Section        0  eeprom_24c16.o(i.EEPROM_16bit_read)
    i.EEPROM_16bit_write                     0x08001580   Section        0  eeprom_24c16.o(i.EEPROM_16bit_write)
    i.FLASH_PrefetchBufferCmd                0x08001594   Section        0  stm32f0xx_flash.o(i.FLASH_PrefetchBufferCmd)
    i.GPIO_Init                              0x080015b0   Section        0  stm32f0xx_gpio.o(i.GPIO_Init)
    i.GPIO_PinAFConfig                       0x08001620   Section        0  stm32f0xx_gpio.o(i.GPIO_PinAFConfig)
    i.GPIO_ReadInputDataBit                  0x08001640   Section        0  stm32f0xx_gpio.o(i.GPIO_ReadInputDataBit)
    i.InitTimer14                            0x08001650   Section        0  main.o(i.InitTimer14)
    i.Init_I2C1                              0x080016f0   Section        0  init_i2c.o(i.Init_I2C1)
    i.Init_port                              0x0800175c   Section        0  main.o(i.Init_port)
    i.Math_ADC                               0x08001858   Section        0  main.o(i.Math_ADC)
    i.NVIC_SetPriority                       0x080019a0   Section        0  main.o(i.NVIC_SetPriority)
    NVIC_SetPriority                         0x080019a1   Thumb Code    60  main.o(i.NVIC_SetPriority)
    i.RCC_AHBPeriphClockCmd                  0x080019e4   Section        0  stm32f0xx_rcc.o(i.RCC_AHBPeriphClockCmd)
    i.RCC_APB1PeriphClockCmd                 0x08001a00   Section        0  stm32f0xx_rcc.o(i.RCC_APB1PeriphClockCmd)
    i.RCC_DeInit                             0x08001a1c   Section        0  stm32f0xx_rcc.o(i.RCC_DeInit)
    i.RCC_GetClocksFreq                      0x08001a78   Section        0  stm32f0xx_rcc.o(i.RCC_GetClocksFreq)
    i.RCC_PLLConfig                          0x08001c0c   Section        0  stm32f0xx_rcc.o(i.RCC_PLLConfig)
    i.RCC_PREDIV1Config                      0x08001c28   Section        0  stm32f0xx_rcc.o(i.RCC_PREDIV1Config)
    i.SPI_SendByteAS                         0x08001c3c   Section        0  init_spi.o(i.SPI_SendByteAS)
    i.SetSysClockToHSI48                     0x08001c54   Section        0  main.o(i.SetSysClockToHSI48)
    i.SysTick_Handler                        0x08001cd0   Section        0  main.o(i.SysTick_Handler)
    i.SystemInit                             0x08001dec   Section        0  system_stm32f0xx.o(i.SystemInit)
    i.TIM15_IRQHandler                       0x08001e48   Section        0  main.o(i.TIM15_IRQHandler)
    i.TIM_ClearITPendingBit                  0x080020b4   Section        0  stm32f0xx_tim.o(i.TIM_ClearITPendingBit)
    i.TIM_Cmd                                0x080020ba   Section        0  stm32f0xx_tim.o(i.TIM_Cmd)
    i.TIM_GetCapture1                        0x080020d2   Section        0  stm32f0xx_tim.o(i.TIM_GetCapture1)
    i.TIM_GetCapture2                        0x080020d6   Section        0  stm32f0xx_tim.o(i.TIM_GetCapture2)
    i.TIM_GetITStatus                        0x080020da   Section        0  stm32f0xx_tim.o(i.TIM_GetITStatus)
    i.TIM_OC1Init                            0x080020f4   Section        0  stm32f0xx_tim.o(i.TIM_OC1Init)
    i.TIM_OC1PreloadConfig                   0x08002178   Section        0  stm32f0xx_tim.o(i.TIM_OC1PreloadConfig)
    i.TIM_TimeBaseInit                       0x08002184   Section        0  stm32f0xx_tim.o(i.TIM_TimeBaseInit)
    i.USART1_IRQHandler                      0x080021f8   Section        0  usart.o(i.USART1_IRQHandler)
    i.eeprom_pageread                        0x08002234   Section        0  eeprom_24c16.o(i.eeprom_pageread)
    i.eeprom_pagewrite                       0x08002328   Section        0  eeprom_24c16.o(i.eeprom_pagewrite)
    i.fifo_write                             0x080023e8   Section        0  usart.o(i.fifo_write)
    i.main                                   0x0800242c   Section        0  main.o(i.main)
    i.sqrt                                   0x080026e0   Section        0  sqrt.o(i.sqrt)
    x$fpl$fadd                               0x08002728   Section      140  faddsub.o(x$fpl$fadd)
    _fadd1                                   0x08002735   Thumb Code     0  faddsub.o(x$fpl$fadd)
    x$fpl$fleqf                              0x080027b4   Section       84  flef.o(x$fpl$fleqf)
    x$fpl$fmul                               0x08002808   Section      176  fmul.o(x$fpl$fmul)
    x$fpl$frleqf                             0x080028b8   Section       88  frlef.o(x$fpl$frleqf)
    x$fpl$frsb                               0x08002910   Section       24  faddsub.o(x$fpl$frsb)
    x$fpl$fsub                               0x08002928   Section      208  faddsub.o(x$fpl$fsub)
    _fsub1                                   0x08002935   Thumb Code     0  faddsub.o(x$fpl$fsub)
    .constdata                               0x080029f8   Section      128  ddiv.o(.constdata)
    x$fpl$usenofp                            0x080029f8   Section        0  usenofp.o(x$fpl$usenofp)
    ddiv_reciptbl                            0x080029f8   Data         128  ddiv.o(.constdata)
    .constdata                               0x08002a78   Section       64  fdiv.o(.constdata)
    fdiv_tab                                 0x08002a78   Data          64  fdiv.o(.constdata)
    .data                                    0x20000000   Section       20  system_stm32f0xx.o(.data)
    .data                                    0x20000014   Section      134  main.o(.data)
    .data                                    0x2000009a   Section       16  stm32f0xx_rcc.o(.data)
    APBAHBPrescTable                         0x2000009a   Data          16  stm32f0xx_rcc.o(.data)
    .data                                    0x200000aa   Section        2  usart.o(.data)
    .bss                                     0x200000ac   Section       80  main.o(.bss)
    .bss                                     0x200000fc   Section      260  main.o(.bss)
    .bss                                     0x20000200   Section      168  usart.o(.bss)
    .bss                                     0x200002a8   Section       96  libspace.o(.bss)
    HEAP                                     0x20000308   Section      512  startup_stm32f030.o(HEAP)
    Heap_Mem                                 0x20000308   Data         512  startup_stm32f030.o(HEAP)
    STACK                                    0x20000508   Section     1024  startup_stm32f030.o(STACK)
    Stack_Mem                                0x20000508   Data        1024  startup_stm32f030.o(STACK)
    __initial_sp                             0x20000908   Data           0  startup_stm32f030.o(STACK)

    Global Symbols

    Symbol Name                              Value     Ov Type        Size  Object(Section)

    BuildAttributes$$THM_ISAv3M$S$PE$A:L22$X:L11$S22$IEEE1$IW$USESV6$~STKCKD$USESV7$~SHL$OTIME$ROPI$IEEEJ$EBA8$UX$STANDARDLIB$REQ8$PRES8$EABIv2 0x00000000   Number         0  anon$$obj.o ABSOLUTE
    __ARM_use_no_argv                        0x00000000   Number         0  main.o ABSOLUTE
    __ARM_exceptions_init                     - Undefined Weak Reference
    __alloca_initialize                       - Undefined Weak Reference
    __arm_preinit_                            - Undefined Weak Reference
    __cpp_initialize__aeabi_                  - Undefined Weak Reference
    __cxa_finalize                            - Undefined Weak Reference
    __rt_locale                               - Undefined Weak Reference
    __sigvec_lookup                           - Undefined Weak Reference
    _atexit_init                              - Undefined Weak Reference
    _call_atexit_fns                          - Undefined Weak Reference
    _clock_init                               - Undefined Weak Reference
    _fp_trap_init                             - Undefined Weak Reference
    _fp_trap_shutdown                         - Undefined Weak Reference
    _get_lc_collate                           - Undefined Weak Reference
    _get_lc_ctype                             - Undefined Weak Reference
    _get_lc_monetary                          - Undefined Weak Reference
    _get_lc_numeric                           - Undefined Weak Reference
    _get_lc_time                              - Undefined Weak Reference
    _getenv_init                              - Undefined Weak Reference
    _handle_redirection                       - Undefined Weak Reference
    _init_alloc                               - Undefined Weak Reference
    _init_user_alloc                          - Undefined Weak Reference
    _initio                                   - Undefined Weak Reference
    _rand_init                                - Undefined Weak Reference
    _signal_finish                            - Undefined Weak Reference
    _signal_init                              - Undefined Weak Reference
    _terminate_alloc                          - Undefined Weak Reference
    _terminate_user_alloc                     - Undefined Weak Reference
    _terminateio                              - Undefined Weak Reference
    __Vectors_Size                           0x000000b4   Number         0  startup_stm32f030.o ABSOLUTE
    __Vectors                                0x08000000   Data           4  startup_stm32f030.o(RESET)
    __Vectors_End                            0x080000b4   Data           0  startup_stm32f030.o(RESET)
    __main                                   0x080000b5   Thumb Code     8  __main.o(!!!main)
    __scatterload                            0x080000bd   Thumb Code     0  __scatter.o(!!!scatter)
    __scatterload_rt2                        0x080000bd   Thumb Code    52  __scatter.o(!!!scatter)
    __scatterload_rt2_thumb_only             0x080000bd   Thumb Code     0  __scatter.o(!!!scatter)
    __scatterload_null                       0x080000cd   Thumb Code     0  __scatter.o(!!!scatter)
    __scatterload_copy                       0x080000f9   Thumb Code    26  __scatter_copy.o(!!handler_copy)
    __scatterload_zeroinit                   0x08000115   Thumb Code    28  __scatter_zi.o(!!handler_zi)
    __rt_lib_init                            0x08000131   Thumb Code     0  libinit.o(.ARM.Collect$$libinit$$00000000)
    __rt_lib_init_alloca_1                   0x08000133   Thumb Code     0  libinit2.o(.ARM.Collect$$libinit$$0000002E)
    __rt_lib_init_argv_1                     0x08000133   Thumb Code     0  libinit2.o(.ARM.Collect$$libinit$$0000002C)
    __rt_lib_init_atexit_1                   0x08000133   Thumb Code     0  libinit2.o(.ARM.Collect$$libinit$$0000001B)
    __rt_lib_init_clock_1                    0x08000133   Thumb Code     0  libinit2.o(.ARM.Collect$$libinit$$00000021)
    __rt_lib_init_cpp_1                      0x08000133   Thumb Code     0  libinit2.o(.ARM.Collect$$libinit$$00000032)
    __rt_lib_init_exceptions_1               0x08000133   Thumb Code     0  libinit2.o(.ARM.Collect$$libinit$$00000030)
    __rt_lib_init_fp_1                       0x08000133   Thumb Code     0  libinit2.o(.ARM.Collect$$libinit$$00000002)
    __rt_lib_init_fp_trap_1                  0x08000133   Thumb Code     0  libinit2.o(.ARM.Collect$$libinit$$0000001F)
    __rt_lib_init_getenv_1                   0x08000133   Thumb Code     0  libinit2.o(.ARM.Collect$$libinit$$00000023)
    __rt_lib_init_heap_1                     0x08000133   Thumb Code     0  libinit2.o(.ARM.Collect$$libinit$$0000000A)
    __rt_lib_init_lc_collate_1               0x08000133   Thumb Code     0  libinit2.o(.ARM.Collect$$libinit$$00000011)
    __rt_lib_init_lc_ctype_1                 0x08000133   Thumb Code     0  libinit2.o(.ARM.Collect$$libinit$$00000013)
    __rt_lib_init_lc_monetary_1              0x08000133   Thumb Code     0  libinit2.o(.ARM.Collect$$libinit$$00000015)
    __rt_lib_init_lc_numeric_1               0x08000133   Thumb Code     0  libinit2.o(.ARM.Collect$$libinit$$00000017)
    __rt_lib_init_lc_time_1                  0x08000133   Thumb Code     0  libinit2.o(.ARM.Collect$$libinit$$00000019)
    __rt_lib_init_preinit_1                  0x08000133   Thumb Code     0  libinit2.o(.ARM.Collect$$libinit$$00000004)
    __rt_lib_init_rand_1                     0x08000133   Thumb Code     0  libinit2.o(.ARM.Collect$$libinit$$0000000E)
    __rt_lib_init_return                     0x08000133   Thumb Code     0  libinit2.o(.ARM.Collect$$libinit$$00000033)
    __rt_lib_init_signal_1                   0x08000133   Thumb Code     0  libinit2.o(.ARM.Collect$$libinit$$0000001D)
    __rt_lib_init_stdio_1                    0x08000133   Thumb Code     0  libinit2.o(.ARM.Collect$$libinit$$00000025)
    __rt_lib_init_user_alloc_1               0x08000133   Thumb Code     0  libinit2.o(.ARM.Collect$$libinit$$0000000C)
    __rt_lib_shutdown                        0x08000135   Thumb Code     0  libshutdown.o(.ARM.Collect$$libshutdown$$00000000)
    __rt_lib_shutdown_cpp_1                  0x08000137   Thumb Code     0  libshutdown2.o(.ARM.Collect$$libshutdown$$00000002)
    __rt_lib_shutdown_fp_trap_1              0x08000137   Thumb Code     0  libshutdown2.o(.ARM.Collect$$libshutdown$$00000007)
    __rt_lib_shutdown_heap_1                 0x08000137   Thumb Code     0  libshutdown2.o(.ARM.Collect$$libshutdown$$0000000F)
    __rt_lib_shutdown_return                 0x08000137   Thumb Code     0  libshutdown2.o(.ARM.Collect$$libshutdown$$00000010)
    __rt_lib_shutdown_signal_1               0x08000137   Thumb Code     0  libshutdown2.o(.ARM.Collect$$libshutdown$$0000000A)
    __rt_lib_shutdown_stdio_1                0x08000137   Thumb Code     0  libshutdown2.o(.ARM.Collect$$libshutdown$$00000004)
    __rt_lib_shutdown_user_alloc_1           0x08000137   Thumb Code     0  libshutdown2.o(.ARM.Collect$$libshutdown$$0000000C)
    __rt_entry                               0x08000139   Thumb Code     0  __rtentry.o(.ARM.Collect$$rtentry$$00000000)
    __rt_entry_presh_1                       0x08000139   Thumb Code     0  __rtentry2.o(.ARM.Collect$$rtentry$$00000002)
    __rt_entry_sh                            0x08000139   Thumb Code     0  __rtentry4.o(.ARM.Collect$$rtentry$$00000004)
    __rt_entry_li                            0x0800013f   Thumb Code     0  __rtentry2.o(.ARM.Collect$$rtentry$$0000000A)
    __rt_entry_postsh_1                      0x0800013f   Thumb Code     0  __rtentry2.o(.ARM.Collect$$rtentry$$00000009)
    __rt_entry_main                          0x08000143   Thumb Code     0  __rtentry2.o(.ARM.Collect$$rtentry$$0000000D)
    __rt_entry_postli_1                      0x08000143   Thumb Code     0  __rtentry2.o(.ARM.Collect$$rtentry$$0000000C)
    __rt_exit                                0x0800014b   Thumb Code     0  rtexit.o(.ARM.Collect$$rtexit$$00000000)
    __rt_exit_ls                             0x0800014d   Thumb Code     0  rtexit2.o(.ARM.Collect$$rtexit$$00000003)
    __rt_exit_prels_1                        0x0800014d   Thumb Code     0  rtexit2.o(.ARM.Collect$$rtexit$$00000002)
    __rt_exit_exit                           0x08000151   Thumb Code     0  rtexit2.o(.ARM.Collect$$rtexit$$00000004)
    Reset_Handler                            0x08000159   Thumb Code    38  startup_stm32f030.o(.text)
    NMI_Handler                              0x0800017f   Thumb Code     2  startup_stm32f030.o(.text)
    HardFault_Handler                        0x08000181   Thumb Code     2  startup_stm32f030.o(.text)
    SVC_Handler                              0x08000183   Thumb Code     2  startup_stm32f030.o(.text)
    PendSV_Handler                           0x08000185   Thumb Code     2  startup_stm32f030.o(.text)
    DMA1_Channel2_3_IRQHandler               0x08000189   Thumb Code     0  startup_stm32f030.o(.text)
    DMA1_Channel4_5_IRQHandler               0x08000189   Thumb Code     0  startup_stm32f030.o(.text)
    EXTI0_1_IRQHandler                       0x08000189   Thumb Code     0  startup_stm32f030.o(.text)
    EXTI2_3_IRQHandler                       0x08000189   Thumb Code     0  startup_stm32f030.o(.text)
    EXTI4_15_IRQHandler                      0x08000189   Thumb Code     0  startup_stm32f030.o(.text)
    FLASH_IRQHandler                         0x08000189   Thumb Code     0  startup_stm32f030.o(.text)
    I2C1_IRQHandler                          0x08000189   Thumb Code     0  startup_stm32f030.o(.text)
    I2C2_IRQHandler                          0x08000189   Thumb Code     0  startup_stm32f030.o(.text)
    RCC_IRQHandler                           0x08000189   Thumb Code     0  startup_stm32f030.o(.text)
    RTC_IRQHandler                           0x08000189   Thumb Code     0  startup_stm32f030.o(.text)
    SPI1_IRQHandler                          0x08000189   Thumb Code     0  startup_stm32f030.o(.text)
    SPI2_IRQHandler                          0x08000189   Thumb Code     0  startup_stm32f030.o(.text)
    TIM14_IRQHandler                         0x08000189   Thumb Code     0  startup_stm32f030.o(.text)
    TIM16_IRQHandler                         0x08000189   Thumb Code     0  startup_stm32f030.o(.text)
    TIM17_IRQHandler                         0x08000189   Thumb Code     0  startup_stm32f030.o(.text)
    TIM1_BRK_UP_TRG_COM_IRQHandler           0x08000189   Thumb Code     0  startup_stm32f030.o(.text)
    TIM1_CC_IRQHandler                       0x08000189   Thumb Code     0  startup_stm32f030.o(.text)
    TIM3_IRQHandler                          0x08000189   Thumb Code     0  startup_stm32f030.o(.text)
    USART2_IRQHandler                        0x08000189   Thumb Code     0  startup_stm32f030.o(.text)
    WWDG_IRQHandler                          0x08000189   Thumb Code     0  startup_stm32f030.o(.text)
    __user_initial_stackheap                 0x0800018d   Thumb Code     0  startup_stm32f030.o(.text)
    __aeabi_uidiv                            0x080001cd   Thumb Code     0  aeabi_sdiv.o(.text)
    __aeabi_uidivmod                         0x080001cd   Thumb Code    20  aeabi_sdiv.o(.text)
    __aeabi_idiv                             0x080001e1   Thumb Code     0  aeabi_sdiv.o(.text)
    __aeabi_idivmod                          0x080001e1   Thumb Code   326  aeabi_sdiv.o(.text)
    __use_two_region_memory                  0x08000327   Thumb Code     2  heapauxi.o(.text)
    __rt_heap_escrow$2region                 0x08000329   Thumb Code     2  heapauxi.o(.text)
    __rt_heap_expand$2region                 0x0800032b   Thumb Code     2  heapauxi.o(.text)
    __aeabi_d2f                              0x0800032d   Thumb Code     0  d2f.o(.text)
    _d2f                                     0x0800032d   Thumb Code   120  d2f.o(.text)
    __aeabi_dadd                             0x080006a1   Thumb Code     0  daddsub.o(.text)
    _dadd                                    0x080006a1   Thumb Code    26  daddsub.o(.text)
    __aeabi_dsub                             0x080006bb   Thumb Code     0  daddsub.o(.text)
    _dsub                                    0x080006bb   Thumb Code    22  daddsub.o(.text)
    __aeabi_drsub                            0x080006d1   Thumb Code     0  daddsub.o(.text)
    _drsb                                    0x080006d1   Thumb Code    28  daddsub.o(.text)
    __aeabi_ddiv                             0x08000701   Thumb Code     0  ddiv.o(.text)
    _ddiv                                    0x08000701   Thumb Code  1072  ddiv.o(.text)
    _drdiv                                   0x08000b31   Thumb Code    20  ddiv.o(.text)
    __aeabi_d2uiz                            0x08000b49   Thumb Code     0  dfixui.o(.text)
    _dfixu                                   0x08000b49   Thumb Code    68  dfixui.o(.text)
    __aeabi_i2d_normalise                    0x08000b91   Thumb Code    66  dflti.o(.text)
    __aeabi_i2d                              0x08000bd3   Thumb Code    16  dflti.o(.text)
    _dflt                                    0x08000bd3   Thumb Code     0  dflti.o(.text)
    __aeabi_ui2d                             0x08000be3   Thumb Code     6  dflti.o(.text)
    _dfltu                                   0x08000be3   Thumb Code     0  dflti.o(.text)
    __aeabi_dmul                             0x08000be9   Thumb Code     0  dmul.o(.text)
    _dmul                                    0x08000be9   Thumb Code   558  dmul.o(.text)
    __aeabi_f2d                              0x08000e31   Thumb Code     0  f2d.o(.text)
    _f2d                                     0x08000e31   Thumb Code    80  f2d.o(.text)
    __aeabi_fdiv                             0x08000e85   Thumb Code     0  fdiv.o(.text)
    _fdiv                                    0x08000e85   Thumb Code   334  fdiv.o(.text)
    _frdiv                                   0x08000fd3   Thumb Code     8  fdiv.o(.text)
    __aeabi_f2iz                             0x08000fe5   Thumb Code     0  ffixi.o(.text)
    _ffix                                    0x08000fe5   Thumb Code    76  ffixi.o(.text)
    __aeabi_f2uiz                            0x08001031   Thumb Code     0  ffixui.o(.text)
    _ffixu                                   0x08001031   Thumb Code    48  ffixui.o(.text)
    __aeabi_i2f_normalise                    0x08001061   Thumb Code    72  fflti.o(.text)
    __aeabi_i2f                              0x080010a9   Thumb Code    16  fflti.o(.text)
    _fflt                                    0x080010a9   Thumb Code     0  fflti.o(.text)
    __aeabi_ui2f                             0x080010b9   Thumb Code     6  fflti.o(.text)
    _ffltu                                   0x080010b9   Thumb Code     0  fflti.o(.text)
    __read_errno                             0x080010bf   Thumb Code    10  _rserrno.o(.text)
    __set_errno                              0x080010c9   Thumb Code    12  _rserrno.o(.text)
    _dsqrt                                   0x080010d5   Thumb Code   248  dsqrt.o(.text)
    __fpl_fcmp_InfNaN                        0x080011d5   Thumb Code    96  fcmpin.o(.text)
    __aeabi_errno_addr                       0x08001239   Thumb Code     8  rt_errno_addr_intlibspace.o(.text)
    __errno$intlibspace                      0x08001239   Thumb Code     0  rt_errno_addr_intlibspace.o(.text)
    __rt_errno_addr$intlibspace              0x08001239   Thumb Code     0  rt_errno_addr_intlibspace.o(.text)
    __fpl_cmpreturn                          0x08001241   Thumb Code    46  cmpret.o(.text)
    __fpl_fcheck_NaN2                        0x08001271   Thumb Code    10  fnan2.o(.text)
    __user_libspace                          0x08001281   Thumb Code     8  libspace.o(.text)
    __user_perproc_libspace                  0x08001281   Thumb Code     0  libspace.o(.text)
    __user_perthread_libspace                0x08001281   Thumb Code     0  libspace.o(.text)
    __user_setup_stackheap                   0x08001289   Thumb Code    62  sys_stackheap_outer.o(.text)
    exit                                     0x080012c7   Thumb Code    16  exit.o(.text)
    __fpl_return_NaN                         0x080012d7   Thumb Code    94  retnan.o(.text)
    _sys_exit                                0x08001335   Thumb Code     8  sys_exit.o(.text)
    __I$use$semihosting                      0x08001341   Thumb Code     0  use_no_semi.o(.text)
    __use_no_semihosting_swi                 0x08001341   Thumb Code     2  use_no_semi.o(.text)
    __semihosting_library_function           0x08001343   Thumb Code     0  indicate_semi.o(.text)
    ADC1_IRQHandler                          0x08001345   Thumb Code    18  main.o(i.ADC1_IRQHandler)
    AS5050_Init                              0x0800135d   Thumb Code    98  init_spi.o(i.AS5050_Init)
    DMA1_Channel1_IRQHandler                 0x080013cd   Thumb Code   308  main.o(i.DMA1_Channel1_IRQHandler)
    Delay_ms                                 0x08001511   Thumb Code    42  eeprom_24c16.o(i.Delay_ms)
    Delay_us                                 0x08001541   Thumb Code    42  eeprom_24c16.o(i.Delay_us)
    EEPROM_16bit_read                        0x08001571   Thumb Code    16  eeprom_24c16.o(i.EEPROM_16bit_read)
    EEPROM_16bit_write                       0x08001581   Thumb Code    18  eeprom_24c16.o(i.EEPROM_16bit_write)
    FLASH_PrefetchBufferCmd                  0x08001595   Thumb Code    24  stm32f0xx_flash.o(i.FLASH_PrefetchBufferCmd)
    GPIO_Init                                0x080015b1   Thumb Code   112  stm32f0xx_gpio.o(i.GPIO_Init)
    GPIO_PinAFConfig                         0x08001621   Thumb Code    32  stm32f0xx_gpio.o(i.GPIO_PinAFConfig)
    GPIO_ReadInputDataBit                    0x08001641   Thumb Code    14  stm32f0xx_gpio.o(i.GPIO_ReadInputDataBit)
    InitTimer14                              0x08001651   Thumb Code   154  main.o(i.InitTimer14)
    Init_I2C1                                0x080016f1   Thumb Code    94  init_i2c.o(i.Init_I2C1)
    Init_port                                0x0800175d   Thumb Code   232  main.o(i.Init_port)
    Math_ADC                                 0x08001859   Thumb Code   304  main.o(i.Math_ADC)
    RCC_AHBPeriphClockCmd                    0x080019e5   Thumb Code    22  stm32f0xx_rcc.o(i.RCC_AHBPeriphClockCmd)
    RCC_APB1PeriphClockCmd                   0x08001a01   Thumb Code    22  stm32f0xx_rcc.o(i.RCC_APB1PeriphClockCmd)
    RCC_DeInit                               0x08001a1d   Thumb Code    76  stm32f0xx_rcc.o(i.RCC_DeInit)
    RCC_GetClocksFreq                        0x08001a79   Thumb Code   374  stm32f0xx_rcc.o(i.RCC_GetClocksFreq)
    RCC_PLLConfig                            0x08001c0d   Thumb Code    24  stm32f0xx_rcc.o(i.RCC_PLLConfig)
    RCC_PREDIV1Config                        0x08001c29   Thumb Code    14  stm32f0xx_rcc.o(i.RCC_PREDIV1Config)
    SPI_SendByteAS                           0x08001c3d   Thumb Code    20  init_spi.o(i.SPI_SendByteAS)
    SetSysClockToHSI48                       0x08001c55   Thumb Code   114  main.o(i.SetSysClockToHSI48)
    SysTick_Handler                          0x08001cd1   Thumb Code   266  main.o(i.SysTick_Handler)
    SystemInit                               0x08001ded   Thumb Code    78  system_stm32f0xx.o(i.SystemInit)
    TIM15_IRQHandler                         0x08001e49   Thumb Code   560  main.o(i.TIM15_IRQHandler)
    TIM_ClearITPendingBit                    0x080020b5   Thumb Code     6  stm32f0xx_tim.o(i.TIM_ClearITPendingBit)
    TIM_Cmd                                  0x080020bb   Thumb Code    24  stm32f0xx_tim.o(i.TIM_Cmd)
    TIM_GetCapture1                          0x080020d3   Thumb Code     4  stm32f0xx_tim.o(i.TIM_GetCapture1)
    TIM_GetCapture2                          0x080020d7   Thumb Code     4  stm32f0xx_tim.o(i.TIM_GetCapture2)
    TIM_GetITStatus                          0x080020db   Thumb Code    24  stm32f0xx_tim.o(i.TIM_GetITStatus)
    TIM_OC1Init                              0x080020f5   Thumb Code   108  stm32f0xx_tim.o(i.TIM_OC1Init)
    TIM_OC1PreloadConfig                     0x08002179   Thumb Code    12  stm32f0xx_tim.o(i.TIM_OC1PreloadConfig)
    TIM_TimeBaseInit                         0x08002185   Thumb Code    88  stm32f0xx_tim.o(i.TIM_TimeBaseInit)
    USART1_IRQHandler                        0x080021f9   Thumb Code    46  usart.o(i.USART1_IRQHandler)
    eeprom_pageread                          0x08002235   Thumb Code   238  eeprom_24c16.o(i.eeprom_pageread)
    eeprom_pagewrite                         0x08002329   Thumb Code   188  eeprom_24c16.o(i.eeprom_pagewrite)
    fifo_write                               0x080023e9   Thumb Code    66  usart.o(i.fifo_write)
    main                                     0x0800242d   Thumb Code   652  main.o(i.main)
    sqrt                                     0x080026e1   Thumb Code    66  sqrt.o(i.sqrt)
    __aeabi_fadd                             0x08002729   Thumb Code     0  faddsub.o(x$fpl$fadd)
    _fadd                                    0x08002729   Thumb Code   134  faddsub.o(x$fpl$fadd)
    __aeabi_cfcmple                          0x080027b5   Thumb Code     0  flef.o(x$fpl$fleqf)
    _fcmple                                  0x080027b5   Thumb Code    78  flef.o(x$fpl$fleqf)
    __aeabi_fmul                             0x08002809   Thumb Code     0  fmul.o(x$fpl$fmul)
    _fmul                                    0x08002809   Thumb Code   172  fmul.o(x$fpl$fmul)
    __aeabi_cfrcmple                         0x080028b9   Thumb Code     0  frlef.o(x$fpl$frleqf)
    _frcmple                                 0x080028b9   Thumb Code    84  frlef.o(x$fpl$frleqf)
    __aeabi_frsub                            0x08002911   Thumb Code     0  faddsub.o(x$fpl$frsb)
    _frsb                                    0x08002911   Thumb Code    24  faddsub.o(x$fpl$frsb)
    __aeabi_fsub                             0x08002929   Thumb Code     0  faddsub.o(x$fpl$fsub)
    _fsub                                    0x08002929   Thumb Code   204  faddsub.o(x$fpl$fsub)
    __I$use$fp                               0x080029f8   Number         0  usenofp.o(x$fpl$usenofp)
    Region$$Table$$Base                      0x08002ab8   Number         0  anon$$obj.o(Region$$Table)
    Region$$Table$$Limit                     0x08002ad8   Number         0  anon$$obj.o(Region$$Table)
    SystemCoreClock                          0x20000000   Data           4  system_stm32f0xx.o(.data)
    AHBPrescTable                            0x20000004   Data          16  system_stm32f0xx.o(.data)
    mesure                                   0x20000014   Data           1  main.o(.data)
    ADC_calibrate                            0x20000015   Data           1  main.o(.data)
    i_cal                                    0x20000016   Data           1  main.o(.data)
    msec20                                   0x20000017   Data           1  main.o(.data)
    Flag_math                                0x20000018   Data           1  main.o(.data)
    screen                                   0x20000019   Data           1  main.o(.data)
    sw_state_UP                              0x2000001a   Data           1  main.o(.data)
    sw_state_DN                              0x2000001b   Data           1  main.o(.data)
    sw_state_MENU                            0x2000001c   Data           1  main.o(.data)
    Gabarit_ON                               0x2000001d   Data           1  main.o(.data)
    Door_OPEN                                0x2000001e   Data           1  main.o(.data)
    Flag_upd                                 0x2000001f   Data           1  main.o(.data)
    sw_state1                                0x20000020   Data           1  main.o(.data)
    start_tim_100km                          0x20000021   Data           1  main.o(.data)
    Imp                                      0x20000022   Data           1  main.o(.data)
    i_temp2                                  0x20000023   Data           1  main.o(.data)
    i1                                       0x20000024   Data           1  main.o(.data)
    i_speed                                  0x20000025   Data           1  main.o(.data)
    start_speed                              0x20000026   Data           1  main.o(.data)
    start_tah                                0x20000027   Data           1  main.o(.data)
    enter_menu                               0x20000028   Data           1  main.o(.data)
    Button_UP_press                          0x20000029   Data           1  main.o(.data)
    Button_DN_press                          0x2000002a   Data           1  main.o(.data)
    Button_MENU_press                        0x2000002b   Data           1  main.o(.data)
    FPS                                      0x2000002c   Data           1  main.o(.data)
    FPS_max                                  0x2000002d   Data           1  main.o(.data)
    PWM14                                    0x2000002e   Data           2  main.o(.data)
    msec                                     0x20000030   Data           2  main.o(.data)
    AS_5050                                  0x20000032   Data           2  main.o(.data)
    Angle_adc                                0x20000034   Data           2  main.o(.data)
    x                                        0x20000036   Data           2  main.o(.data)
    y                                        0x20000038   Data           2  main.o(.data)
    z                                        0x2000003a   Data           2  main.o(.data)
    t                                        0x2000003c   Data           2  main.o(.data)
    speed_OUT_sr                             0x2000003e   Data           2  main.o(.data)
    speed                                    0x20000040   Data           2  main.o(.data)
    speed_sr                                 0x20000042   Data           2  main.o(.data)
    x_speed                                  0x20000044   Data           2  main.o(.data)
    speed_OUT                                0x20000046   Data           2  main.o(.data)
    x_TAH                                    0x20000048   Data           2  main.o(.data)
    x_speed_TAH                              0x2000004a   Data           2  main.o(.data)
    y_TAH                                    0x2000004c   Data           2  main.o(.data)
    z_TAH                                    0x2000004e   Data           2  main.o(.data)
    Tach_OUT                                 0x20000050   Data           2  main.o(.data)
    t_TAH                                    0x20000052   Data           2  main.o(.data)
    speed_TAH                                0x20000054   Data           2  main.o(.data)
    i_speed_TAH                              0x20000056   Data           2  main.o(.data)
    speed_sr_TAH                             0x20000058   Data           2  main.o(.data)
    timer_DS                                 0x2000005a   Data           2  main.o(.data)
    cal_0                                    0x2000005c   Data           2  main.o(.data)
    cal_50                                   0x2000005e   Data           2  main.o(.data)
    cal_100                                  0x20000060   Data           2  main.o(.data)
    Ang_true                                 0x20000062   Data           2  main.o(.data)
    pointerSettings                          0x20000064   Data           4  main.o(.data)
    mul                                      0x20000068   Data           4  main.o(.data)
    num_sample                               0x2000006c   Data           4  main.o(.data)
    rms_sample                               0x20000070   Data           4  main.o(.data)
    max_rms_sample                           0x20000074   Data           4  main.o(.data)
    analog_AO                                0x20000078   Data           4  main.o(.data)
    Angle                                    0x2000007c   Data           4  main.o(.data)
    kmetres                                  0x20000080   Data           4  main.o(.data)
    odometer                                 0x20000084   Data           4  main.o(.data)
    m_sens                                   0x20000088   Data           4  main.o(.data)
    speed_temp                               0x2000008c   Data           4  main.o(.data)
    speed_temp_TAH                           0x20000090   Data           4  main.o(.data)
    i                                        0x20000094   Data           6  main.o(.data)
    ReadStat                                 0x200000aa   Data           1  usart.o(.data)
    ReadCount                                0x200000ab   Data           1  usart.o(.data)
    Set_Menu                                 0x200000ac   Data          80  main.o(.bss)
    ACP                                      0x200000fc   Data          12  main.o(.bss)
    speed_OUT_mas                            0x20000108   Data          30  main.o(.bss)
    ADC_sum                                  0x20000128   Data          24  main.o(.bss)
    ADC_RMS                                  0x20000140   Data          24  main.o(.bss)
    ADC_temp                                 0x20000158   Data          24  main.o(.bss)
    ADC_data                                 0x20000170   Data          24  main.o(.bss)
    ADC_chanel                               0x20000188   Data          24  main.o(.bss)
    ADC_chanel_avr_tmp                       0x200001a0   Data          24  main.o(.bss)
    ADC_chanel_avr                           0x200001b8   Data          24  main.o(.bss)
    mV_chanel                                0x200001d0   Data          24  main.o(.bss)
    TEMP_V                                   0x200001e8   Data          24  main.o(.bss)
    RxBuffer                                 0x20000200   Data          64  usart.o(.bss)
    RxFifo                                   0x20000240   Data          20  usart.o(.bss)
    TxBuffer                                 0x20000254   Data          64  usart.o(.bss)
    TxFifo                                   0x20000294   Data          20  usart.o(.bss)
    __libspace_start                         0x200002a8   Data          96  libspace.o(.bss)
    __temporary_stack_top$libspace           0x20000308   Data           0  libspace.o(.bss)



==============================================================================

Memory Map of the image

  Image Entry point : 0x080000b5

  Load Region LR_IROM1 (Base: 0x08000000, Size: 0x00002b84, Max: 0x00004000, ABSOLUTE)

    Execution Region ER_IROM1 (Base: 0x08000000, Size: 0x00002ad8, Max: 0x00004000, ABSOLUTE)

    Base Addr    Size         Type   Attr      Idx    E Section Name        Object

    0x08000000   0x000000b4   Data   RO            3    RESET               startup_stm32f030.o
    0x080000b4   0x00000008   Code   RO         4308  * !!!main             c_p.l(__main.o)
    0x080000bc   0x0000003c   Code   RO         4545    !!!scatter          c_p.l(__scatter.o)
    0x080000f8   0x0000001a   Code   RO         4547    !!handler_copy      c_p.l(__scatter_copy.o)
    0x08000112   0x00000002   PAD
    0x08000114   0x0000001c   Code   RO         4549    !!handler_zi        c_p.l(__scatter_zi.o)
    0x08000130   0x00000002   Code   RO         4413    .ARM.Collect$$libinit$$00000000  c_p.l(libinit.o)
    0x08000132   0x00000000   Code   RO         4428    .ARM.Collect$$libinit$$00000002  c_p.l(libinit2.o)
    0x08000132   0x00000000   Code   RO         4430    .ARM.Collect$$libinit$$00000004  c_p.l(libinit2.o)
    0x08000132   0x00000000   Code   RO         4433    .ARM.Collect$$libinit$$0000000A  c_p.l(libinit2.o)
    0x08000132   0x00000000   Code   RO         4435    .ARM.Collect$$libinit$$0000000C  c_p.l(libinit2.o)
    0x08000132   0x00000000   Code   RO         4437    .ARM.Collect$$libinit$$0000000E  c_p.l(libinit2.o)
    0x08000132   0x00000000   Code   RO         4440    .ARM.Collect$$libinit$$00000011  c_p.l(libinit2.o)
    0x08000132   0x00000000   Code   RO         4442    .ARM.Collect$$libinit$$00000013  c_p.l(libinit2.o)
    0x08000132   0x00000000   Code   RO         4444    .ARM.Collect$$libinit$$00000015  c_p.l(libinit2.o)
    0x08000132   0x00000000   Code   RO         4446    .ARM.Collect$$libinit$$00000017  c_p.l(libinit2.o)
    0x08000132   0x00000000   Code   RO         4448    .ARM.Collect$$libinit$$00000019  c_p.l(libinit2.o)
    0x08000132   0x00000000   Code   RO         4450    .ARM.Collect$$libinit$$0000001B  c_p.l(libinit2.o)
    0x08000132   0x00000000   Code   RO         4452    .ARM.Collect$$libinit$$0000001D  c_p.l(libinit2.o)
    0x08000132   0x00000000   Code   RO         4454    .ARM.Collect$$libinit$$0000001F  c_p.l(libinit2.o)
    0x08000132   0x00000000   Code   RO         4456    .ARM.Collect$$libinit$$00000021  c_p.l(libinit2.o)
    0x08000132   0x00000000   Code   RO         4458    .ARM.Collect$$libinit$$00000023  c_p.l(libinit2.o)
    0x08000132   0x00000000   Code   RO         4460    .ARM.Collect$$libinit$$00000025  c_p.l(libinit2.o)
    0x08000132   0x00000000   Code   RO         4464    .ARM.Collect$$libinit$$0000002C  c_p.l(libinit2.o)
    0x08000132   0x00000000   Code   RO         4466    .ARM.Collect$$libinit$$0000002E  c_p.l(libinit2.o)
    0x08000132   0x00000000   Code   RO         4468    .ARM.Collect$$libinit$$00000030  c_p.l(libinit2.o)
    0x08000132   0x00000000   Code   RO         4470    .ARM.Collect$$libinit$$00000032  c_p.l(libinit2.o)
    0x08000132   0x00000002   Code   RO         4471    .ARM.Collect$$libinit$$00000033  c_p.l(libinit2.o)
    0x08000134   0x00000002   Code   RO         4502    .ARM.Collect$$libshutdown$$00000000  c_p.l(libshutdown.o)
    0x08000136   0x00000000   Code   RO         4528    .ARM.Collect$$libshutdown$$00000002  c_p.l(libshutdown2.o)
    0x08000136   0x00000000   Code   RO         4530    .ARM.Collect$$libshutdown$$00000004  c_p.l(libshutdown2.o)
    0x08000136   0x00000000   Code   RO         4533    .ARM.Collect$$libshutdown$$00000007  c_p.l(libshutdown2.o)
    0x08000136   0x00000000   Code   RO         4536    .ARM.Collect$$libshutdown$$0000000A  c_p.l(libshutdown2.o)
    0x08000136   0x00000000   Code   RO         4538    .ARM.Collect$$libshutdown$$0000000C  c_p.l(libshutdown2.o)
    0x08000136   0x00000000   Code   RO         4541    .ARM.Collect$$libshutdown$$0000000F  c_p.l(libshutdown2.o)
    0x08000136   0x00000002   Code   RO         4542    .ARM.Collect$$libshutdown$$00000010  c_p.l(libshutdown2.o)
    0x08000138   0x00000000   Code   RO         4354    .ARM.Collect$$rtentry$$00000000  c_p.l(__rtentry.o)
    0x08000138   0x00000000   Code   RO         4369    .ARM.Collect$$rtentry$$00000002  c_p.l(__rtentry2.o)
    0x08000138   0x00000006   Code   RO         4381    .ARM.Collect$$rtentry$$00000004  c_p.l(__rtentry4.o)
    0x0800013e   0x00000000   Code   RO         4371    .ARM.Collect$$rtentry$$00000009  c_p.l(__rtentry2.o)
    0x0800013e   0x00000004   Code   RO         4372    .ARM.Collect$$rtentry$$0000000A  c_p.l(__rtentry2.o)
    0x08000142   0x00000000   Code   RO         4374    .ARM.Collect$$rtentry$$0000000C  c_p.l(__rtentry2.o)
    0x08000142   0x00000008   Code   RO         4375    .ARM.Collect$$rtentry$$0000000D  c_p.l(__rtentry2.o)
    0x0800014a   0x00000002   Code   RO         4419    .ARM.Collect$$rtexit$$00000000  c_p.l(rtexit.o)
    0x0800014c   0x00000000   Code   RO         4475    .ARM.Collect$$rtexit$$00000002  c_p.l(rtexit2.o)
    0x0800014c   0x00000004   Code   RO         4476    .ARM.Collect$$rtexit$$00000003  c_p.l(rtexit2.o)
    0x08000150   0x00000006   Code   RO         4477    .ARM.Collect$$rtexit$$00000004  c_p.l(rtexit2.o)
    0x08000156   0x00000002   PAD
    0x08000158   0x00000074   Code   RO            4    .text               startup_stm32f030.o
    0x080001cc   0x0000015a   Code   RO         4302    .text               c_p.l(aeabi_sdiv.o)
    0x08000326   0x00000006   Code   RO         4306    .text               c_p.l(heapauxi.o)
    0x0800032c   0x0000007c   Code   RO         4310    .text               fz_ps.l(d2f.o)
    0x080003a8   0x00000358   Code   RO         4312    .text               fz_ps.l(daddsub.o)
    0x08000700   0x00000448   Code   RO         4314    .text               fz_ps.l(ddiv.o)
    0x08000b48   0x00000048   Code   RO         4317    .text               fz_ps.l(dfixui.o)
    0x08000b90   0x00000058   Code   RO         4319    .text               fz_ps.l(dflti.o)
    0x08000be8   0x00000248   Code   RO         4321    .text               fz_ps.l(dmul.o)
    0x08000e30   0x00000054   Code   RO         4323    .text               fz_ps.l(f2d.o)
    0x08000e84   0x00000160   Code   RO         4331    .text               fz_ps.l(fdiv.o)
    0x08000fe4   0x0000004c   Code   RO         4334    .text               fz_ps.l(ffixi.o)
    0x08001030   0x00000030   Code   RO         4336    .text               fz_ps.l(ffixui.o)
    0x08001060   0x0000005e   Code   RO         4338    .text               fz_ps.l(fflti.o)
    0x080010be   0x00000016   Code   RO         4359    .text               c_p.l(_rserrno.o)
    0x080010d4   0x00000100   Code   RO         4363    .text               fz_ps.l(dsqrt.o)
    0x080011d4   0x00000064   Code   RO         4365    .text               fz_ps.l(fcmpin.o)
    0x08001238   0x00000008   Code   RO         4388    .text               c_p.l(rt_errno_addr_intlibspace.o)
    0x08001240   0x0000002e   Code   RO         4390    .text               fz_ps.l(cmpret.o)
    0x0800126e   0x00000002   PAD
    0x08001270   0x00000010   Code   RO         4394    .text               fz_ps.l(fnan2.o)
    0x08001280   0x00000008   Code   RO         4396    .text               c_p.l(libspace.o)
    0x08001288   0x0000003e   Code   RO         4399    .text               c_p.l(sys_stackheap_outer.o)
    0x080012c6   0x00000010   Code   RO         4402    .text               c_p.l(exit.o)
    0x080012d6   0x0000005e   Code   RO         4416    .text               fz_ps.l(retnan.o)
    0x08001334   0x0000000c   Code   RO         4472    .text               c_p.l(sys_exit.o)
    0x08001340   0x00000002   Code   RO         4491    .text               c_p.l(use_no_semi.o)
    0x08001342   0x00000000   Code   RO         4493    .text               c_p.l(indicate_semi.o)
    0x08001342   0x00000002   PAD
    0x08001344   0x00000018   Code   RO          248    i.ADC1_IRQHandler   main.o
    0x0800135c   0x00000070   Code   RO          132    i.AS5050_Init       init_spi.o
    0x080013cc   0x00000144   Code   RO          253    i.DMA1_Channel1_IRQHandler  main.o
    0x08001510   0x00000030   Code   RO          486    i.Delay_ms          eeprom_24c16.o
    0x08001540   0x00000030   Code   RO          487    i.Delay_us          eeprom_24c16.o
    0x08001570   0x00000010   Code   RO          488    i.EEPROM_16bit_read  eeprom_24c16.o
    0x08001580   0x00000012   Code   RO          489    i.EEPROM_16bit_write  eeprom_24c16.o
    0x08001592   0x00000002   PAD
    0x08001594   0x0000001c   Code   RO         1733    i.FLASH_PrefetchBufferCmd  stm32f0xx_flash.o
    0x080015b0   0x00000070   Code   RO         1909    i.GPIO_Init         stm32f0xx_gpio.o
    0x08001620   0x00000020   Code   RO         1910    i.GPIO_PinAFConfig  stm32f0xx_gpio.o
    0x08001640   0x0000000e   Code   RO         1913    i.GPIO_ReadInputDataBit  stm32f0xx_gpio.o
    0x0800164e   0x00000002   PAD
    0x08001650   0x000000a0   Code   RO          256    i.InitTimer14       main.o
    0x080016f0   0x0000006c   Code   RO          560    i.Init_I2C1         init_i2c.o
    0x0800175c   0x000000fc   Code   RO          262    i.Init_port         main.o
    0x08001858   0x00000148   Code   RO          263    i.Math_ADC          main.o
    0x080019a0   0x00000044   Code   RO          264    i.NVIC_SetPriority  main.o
    0x080019e4   0x0000001c   Code   RO         2429    i.RCC_AHBPeriphClockCmd  stm32f0xx_rcc.o
    0x08001a00   0x0000001c   Code   RO         2431    i.RCC_APB1PeriphClockCmd  stm32f0xx_rcc.o
    0x08001a1c   0x0000005c   Code   RO         2442    i.RCC_DeInit        stm32f0xx_rcc.o
    0x08001a78   0x00000194   Code   RO         2443    i.RCC_GetClocksFreq  stm32f0xx_rcc.o
    0x08001c0c   0x0000001c   Code   RO         2461    i.RCC_PLLConfig     stm32f0xx_rcc.o
    0x08001c28   0x00000014   Code   RO         2462    i.RCC_PREDIV1Config  stm32f0xx_rcc.o
    0x08001c3c   0x00000018   Code   RO          140    i.SPI_SendByteAS    init_spi.o
    0x08001c54   0x0000007c   Code   RO          265    i.SetSysClockToHSI48  main.o
    0x08001cd0   0x0000011c   Code   RO          266    i.SysTick_Handler   main.o
    0x08001dec   0x0000005c   Code   RO           13    i.SystemInit        system_stm32f0xx.o
    0x08001e48   0x0000026c   Code   RO          267    i.TIM15_IRQHandler  main.o
    0x080020b4   0x00000006   Code   RO         3305    i.TIM_ClearITPendingBit  stm32f0xx_tim.o
    0x080020ba   0x00000018   Code   RO         3310    i.TIM_Cmd           stm32f0xx_tim.o
    0x080020d2   0x00000004   Code   RO         3325    i.TIM_GetCapture1   stm32f0xx_tim.o
    0x080020d6   0x00000004   Code   RO         3326    i.TIM_GetCapture2   stm32f0xx_tim.o
    0x080020da   0x00000018   Code   RO         3331    i.TIM_GetITStatus   stm32f0xx_tim.o
    0x080020f2   0x00000002   PAD
    0x080020f4   0x00000084   Code   RO         3339    i.TIM_OC1Init       stm32f0xx_tim.o
    0x08002178   0x0000000c   Code   RO         3342    i.TIM_OC1PreloadConfig  stm32f0xx_tim.o
    0x08002184   0x00000074   Code   RO         3383    i.TIM_TimeBaseInit  stm32f0xx_tim.o
    0x080021f8   0x0000003c   Code   RO         4232    i.USART1_IRQHandler  usart.o
    0x08002234   0x000000f4   Code   RO          494    i.eeprom_pageread   eeprom_24c16.o
    0x08002328   0x000000c0   Code   RO          495    i.eeprom_pagewrite  eeprom_24c16.o
    0x080023e8   0x00000042   Code   RO         4239    i.fifo_write        usart.o
    0x0800242a   0x00000002   PAD
    0x0800242c   0x000002b4   Code   RO          268    i.main              main.o
    0x080026e0   0x00000048   Code   RO         4347    i.sqrt              m_ps.l(sqrt.o)
    0x08002728   0x0000008c   Code   RO         4325    x$fpl$fadd          fz_ps.l(faddsub.o)
    0x080027b4   0x00000054   Code   RO         4340    x$fpl$fleqf         fz_ps.l(flef.o)
    0x08002808   0x000000b0   Code   RO         4342    x$fpl$fmul          fz_ps.l(fmul.o)
    0x080028b8   0x00000058   Code   RO         4344    x$fpl$frleqf        fz_ps.l(frlef.o)
    0x08002910   0x00000018   Code   RO         4326    x$fpl$frsb          fz_ps.l(faddsub.o)
    0x08002928   0x000000d0   Code   RO         4327    x$fpl$fsub          fz_ps.l(faddsub.o)
    0x080029f8   0x00000000   Code   RO         4367    x$fpl$usenofp       fz_ps.l(usenofp.o)
    0x080029f8   0x00000080   Data   RO         4315    .constdata          fz_ps.l(ddiv.o)
    0x08002a78   0x00000040   Data   RO         4332    .constdata          fz_ps.l(fdiv.o)
    0x08002ab8   0x00000020   Data   RO         4543    Region$$Table       anon$$obj.o


    Execution Region RW_IRAM1 (Base: 0x20000000, Size: 0x00000908, Max: 0x00001000, ABSOLUTE)

    Base Addr    Size         Type   Attr      Idx    E Section Name        Object

    0x20000000   0x00000014   Data   RW           14    .data               system_stm32f0xx.o
    0x20000014   0x00000086   Data   RW          300    .data               main.o
    0x2000009a   0x00000010   Data   RW         2469    .data               stm32f0xx_rcc.o
    0x200000aa   0x00000002   Data   RW         4241    .data               usart.o
    0x200000ac   0x00000050   Zero   RW          269    .bss                main.o
    0x200000fc   0x00000104   Zero   RW          295    .bss                main.o
    0x20000200   0x000000a8   Zero   RW         4240    .bss                usart.o
    0x200002a8   0x00000060   Zero   RW         4397    .bss                c_p.l(libspace.o)
    0x20000308   0x00000200   Zero   RW            2    HEAP                startup_stm32f030.o
    0x20000508   0x00000400   Zero   RW            1    STACK               startup_stm32f030.o


==============================================================================

Image component sizes


      Code (inc. data)   RO Data    RW Data    ZI Data      Debug   Object Name

       566         22          0          0          0       3792   eeprom_24c16.o
       108         14          0          0          0        444   init_i2c.o
       136         18          0          0          0     158539   init_spi.o
      2876        208          0        134        340      18513   main.o
       116         56        180          0       1536        652   startup_stm32f030.o
        28          4          0          0          0        498   stm32f0xx_flash.o
       158          0          0          0          0       2183   stm32f0xx_gpio.o
       600         68          0         16          0       4282   stm32f0xx_rcc.o
       322         52          0          0          0       5004   stm32f0xx_tim.o
        92         14          0         20          0      42761   system_stm32f0xx.o
       126         14          0          2        168       1936   usart.o

    ----------------------------------------------------------------------
      5136        470        212        172       2044     238604   Object Totals
         0          0         32          0          0          0   (incl. Generated)
         8          0          0          0          0          0   (incl. Padding)

    ----------------------------------------------------------------------

      Code (inc. data)   RO Data    RW Data    ZI Data      Debug   Library Member Name

         8          0          0          0          0         68   __main.o
         0          0          0          0          0          0   __rtentry.o
        12          0          0          0          0          0   __rtentry2.o
         6          0          0          0          0          0   __rtentry4.o
        60          8          0          0          0          0   __scatter.o
        26          0          0          0          0          0   __scatter_copy.o
        28          0          0          0          0          0   __scatter_zi.o
        22          0          0          0          0         92   _rserrno.o
       346          0          0          0          0         92   aeabi_sdiv.o
        16          0          0          0          0         68   exit.o
         6          0          0          0          0        136   heapauxi.o
         0          0          0          0          0          0   indicate_semi.o
         2          0          0          0          0          0   libinit.o
         2          0          0          0          0          0   libinit2.o
         2          0          0          0          0          0   libshutdown.o
         2          0          0          0          0          0   libshutdown2.o
         8          4          0          0         96         68   libspace.o
         8          4          0          0          0         68   rt_errno_addr_intlibspace.o
         2          0          0          0          0          0   rtexit.o
        10          0          0          0          0          0   rtexit2.o
        12          4          0          0          0         60   sys_exit.o
        62          0          0          0          0         80   sys_stackheap_outer.o
         2          0          0          0          0         68   use_no_semi.o
        46          0          0          0          0         60   cmpret.o
       124          4          0          0          0         72   d2f.o
       856         20          0          0          0        208   daddsub.o
      1096         26        128          0          0        112   ddiv.o
        72          4          0          0          0         68   dfixui.o
        88          0          0          0          0         92   dflti.o
       584         26          0          0          0         84   dmul.o
       256          8          0          0          0         76   dsqrt.o
        84          4          0          0          0         60   f2d.o
       372          8          0          0          0        240   faddsub.o
       100          4          0          0          0         68   fcmpin.o
       352         10         64          0          0         92   fdiv.o
        76          0          0          0          0         68   ffixi.o
        48          0          0          0          0         60   ffixui.o
        94          0          0          0          0         92   fflti.o
        84          4          0          0          0         76   flef.o
       176          4          0          0          0         80   fmul.o
        16          6          0          0          0         68   fnan2.o
        88          4          0          0          0         76   frlef.o
        94          0          0          0          0         68   retnan.o
         0          0          0          0          0          0   usenofp.o
        72          6          0          0          0         76   sqrt.o

    ----------------------------------------------------------------------
      5428        158        192          0         96       2696   Library Totals
         8          0          0          0          0          0   (incl. Padding)

    ----------------------------------------------------------------------

      Code (inc. data)   RO Data    RW Data    ZI Data      Debug   Library Name

       642         20          0          0         96        800   c_p.l
      4706        132        192          0          0       1820   fz_ps.l
        72          6          0          0          0         76   m_ps.l

    ----------------------------------------------------------------------
      5428        158        192          0         96       2696   Library Totals

    ----------------------------------------------------------------------

==============================================================================


      Code (inc. data)   RO Data    RW Data    ZI Data      Debug   

     10564        628        404        172       2140     238372   Grand Totals
     10564        628        404        172       2140     238372   ELF Image Totals
     10564        628        404        172          0          0   ROM Totals

==============================================================================

    Total RO  Size (Code + RO Data)                10968 (  10.71kB)
    Total RW  Size (RW Data + ZI Data)              2312 (   2.26kB)
    Total ROM Size (Code + RO Data + RW Data)      11140 (  10.88kB)

==============================================================================

